[2025-04-06T12:25:07.467+0300][gc] Using G1
[2025-04-06T12:25:07.481+0300][gc,init] Version: 17.0.14+7-Ubuntu-122.04.1 (release)
[2025-04-06T12:25:07.481+0300][gc,init] CPUs: 4 total, 4 available
[2025-04-06T12:25:07.481+0300][gc,init] Memory: 15675M
[2025-04-06T12:25:07.481+0300][gc,init] Large Page Support: Disabled
[2025-04-06T12:25:07.481+0300][gc,init] NUMA Support: Disabled
[2025-04-06T12:25:07.481+0300][gc,init] Compressed Oops: Enabled (32-bit)
[2025-04-06T12:25:07.481+0300][gc,init] Heap Region Size: 1M
[2025-04-06T12:25:07.481+0300][gc,init] Heap Min Capacity: 1G
[2025-04-06T12:25:07.481+0300][gc,init] Heap Initial Capacity: 1G
[2025-04-06T12:25:07.481+0300][gc,init] Heap Max Capacity: 1G
[2025-04-06T12:25:07.481+0300][gc,init] Pre-touch: Disabled
[2025-04-06T12:25:07.481+0300][gc,init] Parallel Workers: 4
[2025-04-06T12:25:07.481+0300][gc,init] Concurrent Workers: 1
[2025-04-06T12:25:07.481+0300][gc,init] Concurrent Refinement Workers: 4
[2025-04-06T12:25:07.481+0300][gc,init] Periodic GC: Disabled
[2025-04-06T12:25:07.489+0300][gc,metaspace] CDS archive(s) mapped at: [0x00007021b7000000-0x00007021b7bc9000-0x00007021b7bc9000), size 12357632, SharedBaseAddress: 0x00007021b7000000, ArchiveRelocationMode: 1.
[2025-04-06T12:25:07.489+0300][gc,metaspace] Compressed class space mapped at: 0x00007021b8000000-0x00007021f8000000, reserved size: 1073741824
[2025-04-06T12:25:07.489+0300][gc,metaspace] Narrow klass base: 0x00007021b7000000, Narrow klass shift: 0, Narrow klass range: 0x100000000
[2025-04-06T12:25:08.809+0300][gc,start    ] GC(0) Pause Young (Normal) (G1 Evacuation Pause)
[2025-04-06T12:25:08.809+0300][gc,task     ] GC(0) Using 4 workers of 4 for evacuation
[2025-04-06T12:25:08.818+0300][gc,phases   ] GC(0)   Pre Evacuate Collection Set: 0,1ms
[2025-04-06T12:25:08.818+0300][gc,phases   ] GC(0)   Merge Heap Roots: 0,1ms
[2025-04-06T12:25:08.818+0300][gc,phases   ] GC(0)   Evacuate Collection Set: 8,4ms
[2025-04-06T12:25:08.819+0300][gc,phases   ] GC(0)   Post Evacuate Collection Set: 0,7ms
[2025-04-06T12:25:08.819+0300][gc,phases   ] GC(0)   Other: 0,5ms
[2025-04-06T12:25:08.819+0300][gc,heap     ] GC(0) Eden regions: 51->0(44)
[2025-04-06T12:25:08.819+0300][gc,heap     ] GC(0) Survivor regions: 0->7(7)
[2025-04-06T12:25:08.819+0300][gc,heap     ] GC(0) Old regions: 0->1
[2025-04-06T12:25:08.819+0300][gc,heap     ] GC(0) Archive regions: 2->2
[2025-04-06T12:25:08.819+0300][gc,heap     ] GC(0) Humongous regions: 0->0
[2025-04-06T12:25:08.819+0300][gc,metaspace] GC(0) Metaspace: 18201K(18432K)->18201K(18432K) NonClass: 15831K(15936K)->15831K(15936K) Class: 2369K(2496K)->2369K(2496K)
[2025-04-06T12:25:08.819+0300][gc          ] GC(0) Pause Young (Normal) (G1 Evacuation Pause) 51M->8M(1024M) 9,853ms
[2025-04-06T12:25:08.819+0300][gc,cpu      ] GC(0) User=0,03s Sys=0,01s Real=0,01s
[2025-04-06T12:25:09.149+0300][gc,start    ] GC(1) Pause Young (Concurrent Start) (Metadata GC Threshold)
[2025-04-06T12:25:09.149+0300][gc,task     ] GC(1) Using 4 workers of 4 for evacuation
[2025-04-06T12:25:09.157+0300][gc,phases   ] GC(1)   Pre Evacuate Collection Set: 0,1ms
[2025-04-06T12:25:09.157+0300][gc,phases   ] GC(1)   Merge Heap Roots: 0,1ms
[2025-04-06T12:25:09.157+0300][gc,phases   ] GC(1)   Evacuate Collection Set: 7,0ms
[2025-04-06T12:25:09.157+0300][gc,phases   ] GC(1)   Post Evacuate Collection Set: 0,6ms
[2025-04-06T12:25:09.157+0300][gc,phases   ] GC(1)   Other: 0,2ms
[2025-04-06T12:25:09.157+0300][gc,heap     ] GC(1) Eden regions: 14->0(49)
[2025-04-06T12:25:09.157+0300][gc,heap     ] GC(1) Survivor regions: 7->2(7)
[2025-04-06T12:25:09.157+0300][gc,heap     ] GC(1) Old regions: 1->8
[2025-04-06T12:25:09.157+0300][gc,heap     ] GC(1) Archive regions: 2->2
[2025-04-06T12:25:09.157+0300][gc,heap     ] GC(1) Humongous regions: 129->129
[2025-04-06T12:25:09.157+0300][gc,metaspace] GC(1) Metaspace: 21314K(21504K)->21314K(21504K) NonClass: 18468K(18560K)->18468K(18560K) Class: 2845K(2944K)->2845K(2944K)
[2025-04-06T12:25:09.157+0300][gc          ] GC(1) Pause Young (Concurrent Start) (Metadata GC Threshold) 150M->139M(1024M) 8,096ms
[2025-04-06T12:25:09.157+0300][gc,cpu      ] GC(1) User=0,02s Sys=0,01s Real=0,01s
[2025-04-06T12:25:09.157+0300][gc          ] GC(2) Concurrent Mark Cycle
[2025-04-06T12:25:09.157+0300][gc,marking  ] GC(2) Concurrent Clear Claimed Marks
[2025-04-06T12:25:09.157+0300][gc,marking  ] GC(2) Concurrent Clear Claimed Marks 0,014ms
[2025-04-06T12:25:09.157+0300][gc,marking  ] GC(2) Concurrent Scan Root Regions
[2025-04-06T12:25:09.161+0300][gc,marking  ] GC(2) Concurrent Scan Root Regions 4,029ms
[2025-04-06T12:25:09.161+0300][gc,marking  ] GC(2) Concurrent Mark
[2025-04-06T12:25:09.161+0300][gc,marking  ] GC(2) Concurrent Mark From Roots
[2025-04-06T12:25:09.161+0300][gc,task     ] GC(2) Using 1 workers of 1 for marking
[2025-04-06T12:25:09.166+0300][gc,marking  ] GC(2) Concurrent Mark From Roots 5,008ms
[2025-04-06T12:25:09.166+0300][gc,marking  ] GC(2) Concurrent Preclean
[2025-04-06T12:25:09.166+0300][gc,marking  ] GC(2) Concurrent Preclean 0,078ms
[2025-04-06T12:25:09.166+0300][gc,start    ] GC(2) Pause Remark
[2025-04-06T12:25:09.168+0300][gc          ] GC(2) Pause Remark 140M->140M(1024M) 2,076ms
[2025-04-06T12:25:09.169+0300][gc,cpu      ] GC(2) User=0,01s Sys=0,00s Real=0,00s
[2025-04-06T12:25:09.169+0300][gc,marking  ] GC(2) Concurrent Mark 7,497ms
[2025-04-06T12:25:09.169+0300][gc,marking  ] GC(2) Concurrent Rebuild Remembered Sets
[2025-04-06T12:25:09.169+0300][gc,marking  ] GC(2) Concurrent Rebuild Remembered Sets 0,011ms
[2025-04-06T12:25:09.169+0300][gc,start    ] GC(2) Pause Cleanup
[2025-04-06T12:25:09.169+0300][gc          ] GC(2) Pause Cleanup 140M->140M(1024M) 0,018ms
[2025-04-06T12:25:09.169+0300][gc,cpu      ] GC(2) User=0,00s Sys=0,00s Real=0,00s
[2025-04-06T12:25:09.169+0300][gc,marking  ] GC(2) Concurrent Cleanup for Next Mark
[2025-04-06T12:25:09.181+0300][gc,marking  ] GC(2) Concurrent Cleanup for Next Mark 12,026ms
[2025-04-06T12:25:09.181+0300][gc          ] GC(2) Concurrent Mark Cycle 24,113ms
[2025-04-06T12:25:10.198+0300][gc,start    ] GC(3) Pause Young (Normal) (G1 Evacuation Pause)
[2025-04-06T12:25:10.198+0300][gc,task     ] GC(3) Using 4 workers of 4 for evacuation
[2025-04-06T12:25:10.205+0300][gc,phases   ] GC(3)   Pre Evacuate Collection Set: 0,1ms
[2025-04-06T12:25:10.205+0300][gc,phases   ] GC(3)   Merge Heap Roots: 0,1ms
[2025-04-06T12:25:10.205+0300][gc,phases   ] GC(3)   Evacuate Collection Set: 5,9ms
[2025-04-06T12:25:10.205+0300][gc,phases   ] GC(3)   Post Evacuate Collection Set: 0,8ms
[2025-04-06T12:25:10.205+0300][gc,phases   ] GC(3)   Other: 0,1ms
[2025-04-06T12:25:10.205+0300][gc,heap     ] GC(3) Eden regions: 49->0(47)
[2025-04-06T12:25:10.205+0300][gc,heap     ] GC(3) Survivor regions: 2->4(7)
[2025-04-06T12:25:10.205+0300][gc,heap     ] GC(3) Old regions: 8->8
[2025-04-06T12:25:10.205+0300][gc,heap     ] GC(3) Archive regions: 2->2
[2025-04-06T12:25:10.205+0300][gc,heap     ] GC(3) Humongous regions: 129->0
[2025-04-06T12:25:10.205+0300][gc,metaspace] GC(3) Metaspace: 31883K(32192K)->31883K(32192K) NonClass: 27913K(28096K)->27913K(28096K) Class: 3969K(4096K)->3969K(4096K)
[2025-04-06T12:25:10.205+0300][gc          ] GC(3) Pause Young (Normal) (G1 Evacuation Pause) 188M->12M(1024M) 7,205ms
[2025-04-06T12:25:10.205+0300][gc,cpu      ] GC(3) User=0,02s Sys=0,01s Real=0,01s
[2025-04-06T12:25:10.232+0300][gc,heap,exit] Heap
[2025-04-06T12:25:10.232+0300][gc,heap,exit]  garbage-first heap   total 1048576K, used 14802K [0x00000000c0000000, 0x0000000100000000)
[2025-04-06T12:25:10.232+0300][gc,heap,exit]   region size 1024K, 6 young (6144K), 4 survivors (4096K)
[2025-04-06T12:25:10.232+0300][gc,heap,exit]  Metaspace       used 31979K, committed 32192K, reserved 1114112K
[2025-04-06T12:25:10.232+0300][gc,heap,exit]   class space    used 3984K, committed 4096K, reserved 1048576K
