[2025-04-06T12:24:29.897+0300][gc] Using G1
[2025-04-06T12:24:29.908+0300][gc,init] Version: 17.0.14+7-Ubuntu-122.04.1 (release)
[2025-04-06T12:24:29.908+0300][gc,init] CPUs: 4 total, 4 available
[2025-04-06T12:24:29.908+0300][gc,init] Memory: 15675M
[2025-04-06T12:24:29.908+0300][gc,init] Large Page Support: Disabled
[2025-04-06T12:24:29.908+0300][gc,init] NUMA Support: Disabled
[2025-04-06T12:24:29.908+0300][gc,init] Compressed Oops: Enabled (32-bit)
[2025-04-06T12:24:29.908+0300][gc,init] Heap Region Size: 1M
[2025-04-06T12:24:29.908+0300][gc,init] Heap Min Capacity: 1G
[2025-04-06T12:24:29.908+0300][gc,init] Heap Initial Capacity: 1G
[2025-04-06T12:24:29.908+0300][gc,init] Heap Max Capacity: 1G
[2025-04-06T12:24:29.908+0300][gc,init] Pre-touch: Disabled
[2025-04-06T12:24:29.908+0300][gc,init] Parallel Workers: 4
[2025-04-06T12:24:29.908+0300][gc,init] Concurrent Workers: 1
[2025-04-06T12:24:29.908+0300][gc,init] Concurrent Refinement Workers: 4
[2025-04-06T12:24:29.908+0300][gc,init] Periodic GC: Disabled
[2025-04-06T12:24:29.916+0300][gc,metaspace] CDS archive(s) mapped at: [0x000070a3c7000000-0x000070a3c7bc9000-0x000070a3c7bc9000), size 12357632, SharedBaseAddress: 0x000070a3c7000000, ArchiveRelocationMode: 1.
[2025-04-06T12:24:29.916+0300][gc,metaspace] Compressed class space mapped at: 0x000070a3c8000000-0x000070a408000000, reserved size: 1073741824
[2025-04-06T12:24:29.916+0300][gc,metaspace] Narrow klass base: 0x000070a3c7000000, Narrow klass shift: 0, Narrow klass range: 0x100000000
[2025-04-06T12:24:31.240+0300][gc,start    ] GC(0) Pause Young (Normal) (G1 Evacuation Pause)
[2025-04-06T12:24:31.241+0300][gc,task     ] GC(0) Using 4 workers of 4 for evacuation
[2025-04-06T12:24:31.249+0300][gc,phases   ] GC(0)   Pre Evacuate Collection Set: 0,4ms
[2025-04-06T12:24:31.249+0300][gc,phases   ] GC(0)   Merge Heap Roots: 0,2ms
[2025-04-06T12:24:31.249+0300][gc,phases   ] GC(0)   Evacuate Collection Set: 6,5ms
[2025-04-06T12:24:31.249+0300][gc,phases   ] GC(0)   Post Evacuate Collection Set: 0,6ms
[2025-04-06T12:24:31.249+0300][gc,phases   ] GC(0)   Other: 1,1ms
[2025-04-06T12:24:31.249+0300][gc,heap     ] GC(0) Eden regions: 51->0(44)
[2025-04-06T12:24:31.249+0300][gc,heap     ] GC(0) Survivor regions: 0->7(7)
[2025-04-06T12:24:31.249+0300][gc,heap     ] GC(0) Old regions: 0->1
[2025-04-06T12:24:31.249+0300][gc,heap     ] GC(0) Archive regions: 2->2
[2025-04-06T12:24:31.249+0300][gc,heap     ] GC(0) Humongous regions: 0->0
[2025-04-06T12:24:31.249+0300][gc,metaspace] GC(0) Metaspace: 18134K(18368K)->18134K(18368K) NonClass: 15763K(15872K)->15763K(15872K) Class: 2371K(2496K)->2371K(2496K)
[2025-04-06T12:24:31.249+0300][gc          ] GC(0) Pause Young (Normal) (G1 Evacuation Pause) 51M->8M(1024M) 9,013ms
[2025-04-06T12:24:31.249+0300][gc,cpu      ] GC(0) User=0,01s Sys=0,00s Real=0,01s
[2025-04-06T12:24:31.551+0300][gc,start    ] GC(1) Pause Young (Concurrent Start) (Metadata GC Threshold)
[2025-04-06T12:24:31.551+0300][gc,task     ] GC(1) Using 4 workers of 4 for evacuation
[2025-04-06T12:24:31.560+0300][gc,phases   ] GC(1)   Pre Evacuate Collection Set: 0,2ms
[2025-04-06T12:24:31.560+0300][gc,phases   ] GC(1)   Merge Heap Roots: 0,0ms
[2025-04-06T12:24:31.560+0300][gc,phases   ] GC(1)   Evacuate Collection Set: 8,3ms
[2025-04-06T12:24:31.560+0300][gc,phases   ] GC(1)   Post Evacuate Collection Set: 0,5ms
[2025-04-06T12:24:31.560+0300][gc,phases   ] GC(1)   Other: 0,3ms
[2025-04-06T12:24:31.560+0300][gc,heap     ] GC(1) Eden regions: 13->0(49)
[2025-04-06T12:24:31.560+0300][gc,heap     ] GC(1) Survivor regions: 7->2(7)
[2025-04-06T12:24:31.560+0300][gc,heap     ] GC(1) Old regions: 1->9
[2025-04-06T12:24:31.560+0300][gc,heap     ] GC(1) Archive regions: 2->2
[2025-04-06T12:24:31.560+0300][gc,heap     ] GC(1) Humongous regions: 0->0
[2025-04-06T12:24:31.560+0300][gc,metaspace] GC(1) Metaspace: 21317K(21504K)->21317K(21504K) NonClass: 18455K(18560K)->18455K(18560K) Class: 2861K(2944K)->2861K(2944K)
[2025-04-06T12:24:31.560+0300][gc          ] GC(1) Pause Young (Concurrent Start) (Metadata GC Threshold) 21M->10M(1024M) 9,406ms
[2025-04-06T12:24:31.560+0300][gc,cpu      ] GC(1) User=0,02s Sys=0,01s Real=0,00s
[2025-04-06T12:24:31.560+0300][gc          ] GC(2) Concurrent Mark Cycle
[2025-04-06T12:24:31.560+0300][gc,marking  ] GC(2) Concurrent Clear Claimed Marks
[2025-04-06T12:24:31.560+0300][gc,marking  ] GC(2) Concurrent Clear Claimed Marks 0,013ms
[2025-04-06T12:24:31.560+0300][gc,marking  ] GC(2) Concurrent Scan Root Regions
[2025-04-06T12:24:31.564+0300][gc,marking  ] GC(2) Concurrent Scan Root Regions 4,306ms
[2025-04-06T12:24:31.564+0300][gc,marking  ] GC(2) Concurrent Mark
[2025-04-06T12:24:31.564+0300][gc,marking  ] GC(2) Concurrent Mark From Roots
[2025-04-06T12:24:31.564+0300][gc,task     ] GC(2) Using 1 workers of 1 for marking
[2025-04-06T12:24:31.570+0300][gc,marking  ] GC(2) Concurrent Mark From Roots 5,490ms
[2025-04-06T12:24:31.570+0300][gc,marking  ] GC(2) Concurrent Preclean
[2025-04-06T12:24:31.570+0300][gc,marking  ] GC(2) Concurrent Preclean 0,075ms
[2025-04-06T12:24:31.570+0300][gc,start    ] GC(2) Pause Remark
[2025-04-06T12:24:31.572+0300][gc          ] GC(2) Pause Remark 10M->10M(1024M) 2,013ms
[2025-04-06T12:24:31.572+0300][gc,cpu      ] GC(2) User=0,01s Sys=0,00s Real=0,00s
[2025-04-06T12:24:31.572+0300][gc,marking  ] GC(2) Concurrent Mark 7,903ms
[2025-04-06T12:24:31.572+0300][gc,marking  ] GC(2) Concurrent Rebuild Remembered Sets
[2025-04-06T12:24:31.577+0300][gc,marking  ] GC(2) Concurrent Rebuild Remembered Sets 4,897ms
[2025-04-06T12:24:31.577+0300][gc,start    ] GC(2) Pause Cleanup
[2025-04-06T12:24:31.578+0300][gc          ] GC(2) Pause Cleanup 10M->10M(1024M) 0,142ms
[2025-04-06T12:24:31.578+0300][gc,cpu      ] GC(2) User=0,00s Sys=0,00s Real=0,00s
[2025-04-06T12:24:31.578+0300][gc,marking  ] GC(2) Concurrent Cleanup for Next Mark
[2025-04-06T12:24:31.586+0300][gc,marking  ] GC(2) Concurrent Cleanup for Next Mark 8,628ms
[2025-04-06T12:24:31.586+0300][gc          ] GC(2) Concurrent Mark Cycle 26,219ms
[2025-04-06T12:24:32.460+0300][gc,start    ] GC(3) Pause Young (Normal) (G1 Evacuation Pause)
[2025-04-06T12:24:32.460+0300][gc,task     ] GC(3) Using 4 workers of 4 for evacuation
[2025-04-06T12:24:32.470+0300][gc,phases   ] GC(3)   Pre Evacuate Collection Set: 0,3ms
[2025-04-06T12:24:32.470+0300][gc,phases   ] GC(3)   Merge Heap Roots: 0,1ms
[2025-04-06T12:24:32.470+0300][gc,phases   ] GC(3)   Evacuate Collection Set: 8,4ms
[2025-04-06T12:24:32.470+0300][gc,phases   ] GC(3)   Post Evacuate Collection Set: 0,5ms
[2025-04-06T12:24:32.470+0300][gc,phases   ] GC(3)   Other: 0,2ms
[2025-04-06T12:24:32.470+0300][gc,heap     ] GC(3) Eden regions: 49->0(44)
[2025-04-06T12:24:32.470+0300][gc,heap     ] GC(3) Survivor regions: 2->7(7)
[2025-04-06T12:24:32.470+0300][gc,heap     ] GC(3) Old regions: 9->9
[2025-04-06T12:24:32.470+0300][gc,heap     ] GC(3) Archive regions: 2->2
[2025-04-06T12:24:32.470+0300][gc,heap     ] GC(3) Humongous regions: 129->129
[2025-04-06T12:24:32.470+0300][gc,metaspace] GC(3) Metaspace: 32533K(32768K)->32533K(32768K) NonClass: 28635K(28736K)->28635K(28736K) Class: 3897K(4032K)->3897K(4032K)
[2025-04-06T12:24:32.470+0300][gc          ] GC(3) Pause Young (Normal) (G1 Evacuation Pause) 188M->144M(1024M) 9,667ms
[2025-04-06T12:24:32.470+0300][gc,cpu      ] GC(3) User=0,04s Sys=0,00s Real=0,01s
[2025-04-06T12:24:32.696+0300][gc,start    ] GC(4) Pause Young (Concurrent Start) (Metadata GC Threshold)
[2025-04-06T12:24:32.696+0300][gc,task     ] GC(4) Using 4 workers of 4 for evacuation
[2025-04-06T12:24:32.709+0300][gc,phases   ] GC(4)   Pre Evacuate Collection Set: 0,2ms
[2025-04-06T12:24:32.709+0300][gc,phases   ] GC(4)   Merge Heap Roots: 0,1ms
[2025-04-06T12:24:32.709+0300][gc,phases   ] GC(4)   Evacuate Collection Set: 12,0ms
[2025-04-06T12:24:32.709+0300][gc,phases   ] GC(4)   Post Evacuate Collection Set: 0,6ms
[2025-04-06T12:24:32.709+0300][gc,phases   ] GC(4)   Other: 0,2ms
[2025-04-06T12:24:32.709+0300][gc,heap     ] GC(4) Eden regions: 14->0(49)
[2025-04-06T12:24:32.709+0300][gc,heap     ] GC(4) Survivor regions: 7->2(7)
[2025-04-06T12:24:32.709+0300][gc,heap     ] GC(4) Old regions: 9->15
[2025-04-06T12:24:32.709+0300][gc,heap     ] GC(4) Archive regions: 2->2
[2025-04-06T12:24:32.709+0300][gc,heap     ] GC(4) Humongous regions: 129->129
[2025-04-06T12:24:32.709+0300][gc,metaspace] GC(4) Metaspace: 35721K(35968K)->35721K(35968K) NonClass: 31448K(31552K)->31448K(31552K) Class: 4273K(4416K)->4273K(4416K)
[2025-04-06T12:24:32.709+0300][gc          ] GC(4) Pause Young (Concurrent Start) (Metadata GC Threshold) 157M->145M(1024M) 13,176ms
[2025-04-06T12:24:32.709+0300][gc,cpu      ] GC(4) User=0,04s Sys=0,00s Real=0,01s
[2025-04-06T12:24:32.709+0300][gc          ] GC(5) Concurrent Mark Cycle
[2025-04-06T12:24:32.709+0300][gc,marking  ] GC(5) Concurrent Clear Claimed Marks
[2025-04-06T12:24:32.709+0300][gc,marking  ] GC(5) Concurrent Clear Claimed Marks 0,021ms
[2025-04-06T12:24:32.709+0300][gc,marking  ] GC(5) Concurrent Scan Root Regions
[2025-04-06T12:24:32.719+0300][gc,marking  ] GC(5) Concurrent Scan Root Regions 10,080ms
[2025-04-06T12:24:32.719+0300][gc,marking  ] GC(5) Concurrent Mark
[2025-04-06T12:24:32.719+0300][gc,marking  ] GC(5) Concurrent Mark From Roots
[2025-04-06T12:24:32.719+0300][gc,task     ] GC(5) Using 1 workers of 1 for marking
[2025-04-06T12:24:32.737+0300][gc,marking  ] GC(5) Concurrent Mark From Roots 17,920ms
[2025-04-06T12:24:32.737+0300][gc,marking  ] GC(5) Concurrent Preclean
[2025-04-06T12:24:32.737+0300][gc,marking  ] GC(5) Concurrent Preclean 0,194ms
[2025-04-06T12:24:32.741+0300][gc,start    ] GC(5) Pause Remark
[2025-04-06T12:24:32.745+0300][gc          ] GC(5) Pause Remark 147M->147M(1024M) 4,494ms
[2025-04-06T12:24:32.745+0300][gc,cpu      ] GC(5) User=0,01s Sys=0,00s Real=0,00s
[2025-04-06T12:24:32.746+0300][gc,marking  ] GC(5) Concurrent Mark 26,966ms
[2025-04-06T12:24:32.746+0300][gc,marking  ] GC(5) Concurrent Rebuild Remembered Sets
[2025-04-06T12:24:32.761+0300][gc,marking  ] GC(5) Concurrent Rebuild Remembered Sets 15,222ms
[2025-04-06T12:24:32.762+0300][gc,start    ] GC(5) Pause Cleanup
[2025-04-06T12:24:32.762+0300][gc          ] GC(5) Pause Cleanup 147M->147M(1024M) 0,165ms
[2025-04-06T12:24:32.762+0300][gc,cpu      ] GC(5) User=0,00s Sys=0,00s Real=0,00s
[2025-04-06T12:24:32.763+0300][gc,marking  ] GC(5) Concurrent Cleanup for Next Mark
[2025-04-06T12:24:32.780+0300][gc,marking  ] GC(5) Concurrent Cleanup for Next Mark 16,765ms
[2025-04-06T12:24:32.780+0300][gc          ] GC(5) Concurrent Mark Cycle 71,039ms
[2025-04-06T12:24:37.266+0300][gc,heap,exit] Heap
[2025-04-06T12:24:37.266+0300][gc,heap,exit]  garbage-first heap   total 1048576K, used 167700K [0x00000000c0000000, 0x0000000100000000)
[2025-04-06T12:24:37.266+0300][gc,heap,exit]   region size 1024K, 21 young (21504K), 2 survivors (2048K)
[2025-04-06T12:24:37.266+0300][gc,heap,exit]  Metaspace       used 38186K, committed 38464K, reserved 1114112K
[2025-04-06T12:24:37.266+0300][gc,heap,exit]   class space    used 4686K, committed 4800K, reserved 1048576K
