[2025-04-06T12:40:15.887+0300][gc] Using G1
[2025-04-06T12:40:15.898+0300][gc,init] Version: 17.0.14+7-Ubuntu-122.04.1 (release)
[2025-04-06T12:40:15.898+0300][gc,init] CPUs: 4 total, 4 available
[2025-04-06T12:40:15.898+0300][gc,init] Memory: 15675M
[2025-04-06T12:40:15.898+0300][gc,init] Large Page Support: Disabled
[2025-04-06T12:40:15.898+0300][gc,init] NUMA Support: Disabled
[2025-04-06T12:40:15.898+0300][gc,init] Compressed Oops: Enabled (32-bit)
[2025-04-06T12:40:15.898+0300][gc,init] Heap Region Size: 1M
[2025-04-06T12:40:15.898+0300][gc,init] Heap Min Capacity: 1G
[2025-04-06T12:40:15.898+0300][gc,init] Heap Initial Capacity: 1G
[2025-04-06T12:40:15.898+0300][gc,init] Heap Max Capacity: 1G
[2025-04-06T12:40:15.898+0300][gc,init] Pre-touch: Disabled
[2025-04-06T12:40:15.898+0300][gc,init] Parallel Workers: 4
[2025-04-06T12:40:15.898+0300][gc,init] Concurrent Workers: 1
[2025-04-06T12:40:15.898+0300][gc,init] Concurrent Refinement Workers: 4
[2025-04-06T12:40:15.898+0300][gc,init] Periodic GC: Disabled
[2025-04-06T12:40:15.905+0300][gc,metaspace] CDS archive(s) mapped at: [0x000070f9a7000000-0x000070f9a7bc9000-0x000070f9a7bc9000), size 12357632, SharedBaseAddress: 0x000070f9a7000000, ArchiveRelocationMode: 1.
[2025-04-06T12:40:15.905+0300][gc,metaspace] Compressed class space mapped at: 0x000070f9a8000000-0x000070f9e8000000, reserved size: 1073741824
[2025-04-06T12:40:15.905+0300][gc,metaspace] Narrow klass base: 0x000070f9a7000000, Narrow klass shift: 0, Narrow klass range: 0x100000000
[2025-04-06T12:40:17.788+0300][gc,start    ] GC(0) Pause Young (Normal) (G1 Evacuation Pause)
[2025-04-06T12:40:17.788+0300][gc,task     ] GC(0) Using 4 workers of 4 for evacuation
[2025-04-06T12:40:17.800+0300][gc,phases   ] GC(0)   Pre Evacuate Collection Set: 0,1ms
[2025-04-06T12:40:17.800+0300][gc,phases   ] GC(0)   Merge Heap Roots: 0,1ms
[2025-04-06T12:40:17.800+0300][gc,phases   ] GC(0)   Evacuate Collection Set: 11,1ms
[2025-04-06T12:40:17.800+0300][gc,phases   ] GC(0)   Post Evacuate Collection Set: 0,5ms
[2025-04-06T12:40:17.800+0300][gc,phases   ] GC(0)   Other: 0,5ms
[2025-04-06T12:40:17.800+0300][gc,heap     ] GC(0) Eden regions: 51->0(44)
[2025-04-06T12:40:17.800+0300][gc,heap     ] GC(0) Survivor regions: 0->7(7)
[2025-04-06T12:40:17.800+0300][gc,heap     ] GC(0) Old regions: 0->1
[2025-04-06T12:40:17.800+0300][gc,heap     ] GC(0) Archive regions: 2->2
[2025-04-06T12:40:17.800+0300][gc,heap     ] GC(0) Humongous regions: 0->0
[2025-04-06T12:40:17.800+0300][gc,metaspace] GC(0) Metaspace: 18119K(18368K)->18119K(18368K) NonClass: 15751K(15872K)->15751K(15872K) Class: 2367K(2496K)->2367K(2496K)
[2025-04-06T12:40:17.800+0300][gc          ] GC(0) Pause Young (Normal) (G1 Evacuation Pause) 51M->8M(1024M) 12,512ms
[2025-04-06T12:40:17.800+0300][gc,cpu      ] GC(0) User=0,03s Sys=0,01s Real=0,02s
[2025-04-06T12:40:18.143+0300][gc,start    ] GC(1) Pause Young (Concurrent Start) (Metadata GC Threshold)
[2025-04-06T12:40:18.143+0300][gc,task     ] GC(1) Using 4 workers of 4 for evacuation
[2025-04-06T12:40:18.149+0300][gc,phases   ] GC(1)   Pre Evacuate Collection Set: 0,1ms
[2025-04-06T12:40:18.149+0300][gc,phases   ] GC(1)   Merge Heap Roots: 0,1ms
[2025-04-06T12:40:18.149+0300][gc,phases   ] GC(1)   Evacuate Collection Set: 5,6ms
[2025-04-06T12:40:18.149+0300][gc,phases   ] GC(1)   Post Evacuate Collection Set: 0,6ms
[2025-04-06T12:40:18.149+0300][gc,phases   ] GC(1)   Other: 0,2ms
[2025-04-06T12:40:18.150+0300][gc,heap     ] GC(1) Eden regions: 13->0(49)
[2025-04-06T12:40:18.150+0300][gc,heap     ] GC(1) Survivor regions: 7->2(7)
[2025-04-06T12:40:18.150+0300][gc,heap     ] GC(1) Old regions: 1->9
[2025-04-06T12:40:18.150+0300][gc,heap     ] GC(1) Archive regions: 2->2
[2025-04-06T12:40:18.150+0300][gc,heap     ] GC(1) Humongous regions: 129->129
[2025-04-06T12:40:18.150+0300][gc,metaspace] GC(1) Metaspace: 21290K(21504K)->21290K(21504K) NonClass: 18444K(18560K)->18444K(18560K) Class: 2845K(2944K)->2845K(2944K)
[2025-04-06T12:40:18.150+0300][gc          ] GC(1) Pause Young (Concurrent Start) (Metadata GC Threshold) 150M->139M(1024M) 7,097ms
[2025-04-06T12:40:18.150+0300][gc,cpu      ] GC(1) User=0,02s Sys=0,01s Real=0,00s
[2025-04-06T12:40:18.150+0300][gc          ] GC(2) Concurrent Mark Cycle
[2025-04-06T12:40:18.150+0300][gc,marking  ] GC(2) Concurrent Clear Claimed Marks
[2025-04-06T12:40:18.150+0300][gc,marking  ] GC(2) Concurrent Clear Claimed Marks 0,018ms
[2025-04-06T12:40:18.150+0300][gc,marking  ] GC(2) Concurrent Scan Root Regions
[2025-04-06T12:40:18.155+0300][gc,marking  ] GC(2) Concurrent Scan Root Regions 4,951ms
[2025-04-06T12:40:18.155+0300][gc,marking  ] GC(2) Concurrent Mark
[2025-04-06T12:40:18.155+0300][gc,marking  ] GC(2) Concurrent Mark From Roots
[2025-04-06T12:40:18.155+0300][gc,task     ] GC(2) Using 1 workers of 1 for marking
[2025-04-06T12:40:18.160+0300][gc,marking  ] GC(2) Concurrent Mark From Roots 5,428ms
[2025-04-06T12:40:18.160+0300][gc,marking  ] GC(2) Concurrent Preclean
[2025-04-06T12:40:18.160+0300][gc,marking  ] GC(2) Concurrent Preclean 0,072ms
[2025-04-06T12:40:18.160+0300][gc,start    ] GC(2) Pause Remark
[2025-04-06T12:40:18.162+0300][gc          ] GC(2) Pause Remark 140M->140M(1024M) 1,802ms
[2025-04-06T12:40:18.162+0300][gc,cpu      ] GC(2) User=0,00s Sys=0,00s Real=0,00s
[2025-04-06T12:40:18.162+0300][gc,marking  ] GC(2) Concurrent Mark 7,580ms
[2025-04-06T12:40:18.162+0300][gc,marking  ] GC(2) Concurrent Rebuild Remembered Sets
[2025-04-06T12:40:18.169+0300][gc,marking  ] GC(2) Concurrent Rebuild Remembered Sets 6,383ms
[2025-04-06T12:40:18.169+0300][gc,start    ] GC(2) Pause Cleanup
[2025-04-06T12:40:18.170+0300][gc          ] GC(2) Pause Cleanup 140M->140M(1024M) 0,609ms
[2025-04-06T12:40:18.170+0300][gc,cpu      ] GC(2) User=0,00s Sys=0,00s Real=0,00s
[2025-04-06T12:40:18.171+0300][gc,marking  ] GC(2) Concurrent Cleanup for Next Mark
[2025-04-06T12:40:18.185+0300][gc,marking  ] GC(2) Concurrent Cleanup for Next Mark 14,836ms
[2025-04-06T12:40:18.186+0300][gc          ] GC(2) Concurrent Mark Cycle 35,838ms
[2025-04-06T12:40:19.089+0300][gc,start    ] GC(3) Pause Young (Normal) (G1 Evacuation Pause)
[2025-04-06T12:40:19.089+0300][gc,task     ] GC(3) Using 4 workers of 4 for evacuation
[2025-04-06T12:40:19.100+0300][gc,phases   ] GC(3)   Pre Evacuate Collection Set: 0,2ms
[2025-04-06T12:40:19.100+0300][gc,phases   ] GC(3)   Merge Heap Roots: 0,1ms
[2025-04-06T12:40:19.100+0300][gc,phases   ] GC(3)   Evacuate Collection Set: 10,1ms
[2025-04-06T12:40:19.100+0300][gc,phases   ] GC(3)   Post Evacuate Collection Set: 1,0ms
[2025-04-06T12:40:19.100+0300][gc,phases   ] GC(3)   Other: 0,1ms
[2025-04-06T12:40:19.100+0300][gc,heap     ] GC(3) Eden regions: 49->0(44)
[2025-04-06T12:40:19.100+0300][gc,heap     ] GC(3) Survivor regions: 2->7(7)
[2025-04-06T12:40:19.100+0300][gc,heap     ] GC(3) Old regions: 9->9
[2025-04-06T12:40:19.100+0300][gc,heap     ] GC(3) Archive regions: 2->2
[2025-04-06T12:40:19.100+0300][gc,heap     ] GC(3) Humongous regions: 129->129
[2025-04-06T12:40:19.100+0300][gc,metaspace] GC(3) Metaspace: 32595K(32832K)->32595K(32832K) NonClass: 28677K(28800K)->28677K(28800K) Class: 3918K(4032K)->3918K(4032K)
[2025-04-06T12:40:19.101+0300][gc          ] GC(3) Pause Young (Normal) (G1 Evacuation Pause) 188M->144M(1024M) 11,589ms
[2025-04-06T12:40:19.101+0300][gc,cpu      ] GC(3) User=0,03s Sys=0,00s Real=0,02s
[2025-04-06T12:40:19.394+0300][gc,start    ] GC(4) Pause Young (Concurrent Start) (Metadata GC Threshold)
[2025-04-06T12:40:19.394+0300][gc,task     ] GC(4) Using 4 workers of 4 for evacuation
[2025-04-06T12:40:19.405+0300][gc,phases   ] GC(4)   Pre Evacuate Collection Set: 0,2ms
[2025-04-06T12:40:19.405+0300][gc,phases   ] GC(4)   Merge Heap Roots: 0,1ms
[2025-04-06T12:40:19.405+0300][gc,phases   ] GC(4)   Evacuate Collection Set: 9,6ms
[2025-04-06T12:40:19.405+0300][gc,phases   ] GC(4)   Post Evacuate Collection Set: 0,5ms
[2025-04-06T12:40:19.405+0300][gc,phases   ] GC(4)   Other: 0,2ms
[2025-04-06T12:40:19.405+0300][gc,heap     ] GC(4) Eden regions: 15->0(50)
[2025-04-06T12:40:19.405+0300][gc,heap     ] GC(4) Survivor regions: 7->1(7)
[2025-04-06T12:40:19.405+0300][gc,heap     ] GC(4) Old regions: 9->14
[2025-04-06T12:40:19.405+0300][gc,heap     ] GC(4) Archive regions: 2->2
[2025-04-06T12:40:19.405+0300][gc,heap     ] GC(4) Humongous regions: 129->129
[2025-04-06T12:40:19.405+0300][gc,metaspace] GC(4) Metaspace: 35984K(36160K)->35984K(36160K) NonClass: 31643K(31744K)->31643K(31744K) Class: 4341K(4416K)->4341K(4416K)
[2025-04-06T12:40:19.405+0300][gc          ] GC(4) Pause Young (Concurrent Start) (Metadata GC Threshold) 158M->144M(1024M) 10,759ms
[2025-04-06T12:40:19.405+0300][gc,cpu      ] GC(4) User=0,04s Sys=0,00s Real=0,01s
[2025-04-06T12:40:19.405+0300][gc          ] GC(5) Concurrent Mark Cycle
[2025-04-06T12:40:19.405+0300][gc,marking  ] GC(5) Concurrent Clear Claimed Marks
[2025-04-06T12:40:19.405+0300][gc,marking  ] GC(5) Concurrent Clear Claimed Marks 0,023ms
[2025-04-06T12:40:19.405+0300][gc,marking  ] GC(5) Concurrent Scan Root Regions
[2025-04-06T12:40:19.411+0300][gc,marking  ] GC(5) Concurrent Scan Root Regions 5,795ms
[2025-04-06T12:40:19.411+0300][gc,marking  ] GC(5) Concurrent Mark
[2025-04-06T12:40:19.411+0300][gc,marking  ] GC(5) Concurrent Mark From Roots
[2025-04-06T12:40:19.411+0300][gc,task     ] GC(5) Using 1 workers of 1 for marking
[2025-04-06T12:40:19.421+0300][gc,marking  ] GC(5) Concurrent Mark From Roots 10,234ms
[2025-04-06T12:40:19.421+0300][gc,marking  ] GC(5) Concurrent Preclean
[2025-04-06T12:40:19.421+0300][gc,marking  ] GC(5) Concurrent Preclean 0,158ms
[2025-04-06T12:40:19.422+0300][gc,start    ] GC(5) Pause Remark
[2025-04-06T12:40:19.424+0300][gc          ] GC(5) Pause Remark 145M->145M(1024M) 2,179ms
[2025-04-06T12:40:19.424+0300][gc,cpu      ] GC(5) User=0,01s Sys=0,00s Real=0,00s
[2025-04-06T12:40:19.424+0300][gc,marking  ] GC(5) Concurrent Mark 13,076ms
[2025-04-06T12:40:19.424+0300][gc,marking  ] GC(5) Concurrent Rebuild Remembered Sets
[2025-04-06T12:40:19.437+0300][gc,marking  ] GC(5) Concurrent Rebuild Remembered Sets 12,827ms
[2025-04-06T12:40:19.437+0300][gc,start    ] GC(5) Pause Cleanup
[2025-04-06T12:40:19.437+0300][gc          ] GC(5) Pause Cleanup 146M->146M(1024M) 0,147ms
[2025-04-06T12:40:19.437+0300][gc,cpu      ] GC(5) User=0,00s Sys=0,00s Real=0,00s
[2025-04-06T12:40:19.437+0300][gc,marking  ] GC(5) Concurrent Cleanup for Next Mark
[2025-04-06T12:40:19.450+0300][gc,marking  ] GC(5) Concurrent Cleanup for Next Mark 13,232ms
[2025-04-06T12:40:19.451+0300][gc          ] GC(5) Concurrent Mark Cycle 45,423ms
