[2025-04-06T12:25:14.315+0300][gc] Using G1
[2025-04-06T12:25:14.327+0300][gc,init] Version: 17.0.14+7-Ubuntu-122.04.1 (release)
[2025-04-06T12:25:14.327+0300][gc,init] CPUs: 4 total, 4 available
[2025-04-06T12:25:14.327+0300][gc,init] Memory: 15675M
[2025-04-06T12:25:14.327+0300][gc,init] Large Page Support: Disabled
[2025-04-06T12:25:14.327+0300][gc,init] NUMA Support: Disabled
[2025-04-06T12:25:14.327+0300][gc,init] Compressed Oops: Enabled (32-bit)
[2025-04-06T12:25:14.327+0300][gc,init] Heap Region Size: 1M
[2025-04-06T12:25:14.327+0300][gc,init] Heap Min Capacity: 1G
[2025-04-06T12:25:14.327+0300][gc,init] Heap Initial Capacity: 1G
[2025-04-06T12:25:14.327+0300][gc,init] Heap Max Capacity: 1G
[2025-04-06T12:25:14.327+0300][gc,init] Pre-touch: Disabled
[2025-04-06T12:25:14.327+0300][gc,init] Parallel Workers: 4
[2025-04-06T12:25:14.327+0300][gc,init] Concurrent Workers: 1
[2025-04-06T12:25:14.327+0300][gc,init] Concurrent Refinement Workers: 4
[2025-04-06T12:25:14.327+0300][gc,init] Periodic GC: Disabled
[2025-04-06T12:25:14.334+0300][gc,metaspace] CDS archive(s) mapped at: [0x0000745f7f000000-0x0000745f7fbc9000-0x0000745f7fbc9000), size 12357632, SharedBaseAddress: 0x0000745f7f000000, ArchiveRelocationMode: 1.
[2025-04-06T12:25:14.334+0300][gc,metaspace] Compressed class space mapped at: 0x0000745f80000000-0x0000745fc0000000, reserved size: 1073741824
[2025-04-06T12:25:14.334+0300][gc,metaspace] Narrow klass base: 0x0000745f7f000000, Narrow klass shift: 0, Narrow klass range: 0x100000000
[2025-04-06T12:25:15.619+0300][gc,start    ] GC(0) Pause Young (Normal) (G1 Evacuation Pause)
[2025-04-06T12:25:15.620+0300][gc,task     ] GC(0) Using 4 workers of 4 for evacuation
[2025-04-06T12:25:15.630+0300][gc,phases   ] GC(0)   Pre Evacuate Collection Set: 0,1ms
[2025-04-06T12:25:15.630+0300][gc,phases   ] GC(0)   Merge Heap Roots: 0,1ms
[2025-04-06T12:25:15.630+0300][gc,phases   ] GC(0)   Evacuate Collection Set: 9,1ms
[2025-04-06T12:25:15.630+0300][gc,phases   ] GC(0)   Post Evacuate Collection Set: 1,1ms
[2025-04-06T12:25:15.630+0300][gc,phases   ] GC(0)   Other: 0,4ms
[2025-04-06T12:25:15.630+0300][gc,heap     ] GC(0) Eden regions: 51->0(44)
[2025-04-06T12:25:15.630+0300][gc,heap     ] GC(0) Survivor regions: 0->7(7)
[2025-04-06T12:25:15.630+0300][gc,heap     ] GC(0) Old regions: 0->1
[2025-04-06T12:25:15.630+0300][gc,heap     ] GC(0) Archive regions: 2->2
[2025-04-06T12:25:15.630+0300][gc,heap     ] GC(0) Humongous regions: 0->0
[2025-04-06T12:25:15.630+0300][gc,metaspace] GC(0) Metaspace: 18200K(18432K)->18200K(18432K) NonClass: 15828K(15936K)->15828K(15936K) Class: 2372K(2496K)->2372K(2496K)
[2025-04-06T12:25:15.630+0300][gc          ] GC(0) Pause Young (Normal) (G1 Evacuation Pause) 51M->8M(1024M) 10,929ms
[2025-04-06T12:25:15.630+0300][gc,cpu      ] GC(0) User=0,03s Sys=0,00s Real=0,02s
[2025-04-06T12:25:15.942+0300][gc,start    ] GC(1) Pause Young (Concurrent Start) (Metadata GC Threshold)
[2025-04-06T12:25:15.942+0300][gc,task     ] GC(1) Using 4 workers of 4 for evacuation
[2025-04-06T12:25:15.948+0300][gc,phases   ] GC(1)   Pre Evacuate Collection Set: 0,3ms
[2025-04-06T12:25:15.948+0300][gc,phases   ] GC(1)   Merge Heap Roots: 0,1ms
[2025-04-06T12:25:15.948+0300][gc,phases   ] GC(1)   Evacuate Collection Set: 5,5ms
[2025-04-06T12:25:15.948+0300][gc,phases   ] GC(1)   Post Evacuate Collection Set: 0,4ms
[2025-04-06T12:25:15.948+0300][gc,phases   ] GC(1)   Other: 0,3ms
[2025-04-06T12:25:15.948+0300][gc,heap     ] GC(1) Eden regions: 13->0(49)
[2025-04-06T12:25:15.948+0300][gc,heap     ] GC(1) Survivor regions: 7->2(7)
[2025-04-06T12:25:15.948+0300][gc,heap     ] GC(1) Old regions: 1->8
[2025-04-06T12:25:15.948+0300][gc,heap     ] GC(1) Archive regions: 2->2
[2025-04-06T12:25:15.948+0300][gc,heap     ] GC(1) Humongous regions: 129->129
[2025-04-06T12:25:15.948+0300][gc,metaspace] GC(1) Metaspace: 21308K(21504K)->21308K(21504K) NonClass: 18463K(18560K)->18463K(18560K) Class: 2845K(2944K)->2845K(2944K)
[2025-04-06T12:25:15.948+0300][gc          ] GC(1) Pause Young (Concurrent Start) (Metadata GC Threshold) 150M->139M(1024M) 6,576ms
[2025-04-06T12:25:15.948+0300][gc,cpu      ] GC(1) User=0,01s Sys=0,01s Real=0,00s
[2025-04-06T12:25:15.948+0300][gc          ] GC(2) Concurrent Mark Cycle
[2025-04-06T12:25:15.948+0300][gc,marking  ] GC(2) Concurrent Clear Claimed Marks
[2025-04-06T12:25:15.948+0300][gc,marking  ] GC(2) Concurrent Clear Claimed Marks 0,016ms
[2025-04-06T12:25:15.948+0300][gc,marking  ] GC(2) Concurrent Scan Root Regions
[2025-04-06T12:25:15.952+0300][gc,marking  ] GC(2) Concurrent Scan Root Regions 3,811ms
[2025-04-06T12:25:15.952+0300][gc,marking  ] GC(2) Concurrent Mark
[2025-04-06T12:25:15.952+0300][gc,marking  ] GC(2) Concurrent Mark From Roots
[2025-04-06T12:25:15.952+0300][gc,task     ] GC(2) Using 1 workers of 1 for marking
[2025-04-06T12:25:15.956+0300][gc,marking  ] GC(2) Concurrent Mark From Roots 4,157ms
[2025-04-06T12:25:15.956+0300][gc,marking  ] GC(2) Concurrent Preclean
[2025-04-06T12:25:15.956+0300][gc,marking  ] GC(2) Concurrent Preclean 0,050ms
[2025-04-06T12:25:15.957+0300][gc,start    ] GC(2) Pause Remark
[2025-04-06T12:25:15.958+0300][gc          ] GC(2) Pause Remark 139M->139M(1024M) 1,707ms
[2025-04-06T12:25:15.958+0300][gc,cpu      ] GC(2) User=0,01s Sys=0,00s Real=0,00s
[2025-04-06T12:25:15.958+0300][gc,marking  ] GC(2) Concurrent Mark 6,146ms
[2025-04-06T12:25:15.958+0300][gc,marking  ] GC(2) Concurrent Rebuild Remembered Sets
[2025-04-06T12:25:15.958+0300][gc,marking  ] GC(2) Concurrent Rebuild Remembered Sets 0,004ms
[2025-04-06T12:25:15.959+0300][gc,start    ] GC(2) Pause Cleanup
[2025-04-06T12:25:15.959+0300][gc          ] GC(2) Pause Cleanup 139M->139M(1024M) 0,010ms
[2025-04-06T12:25:15.959+0300][gc,cpu      ] GC(2) User=0,00s Sys=0,00s Real=0,00s
[2025-04-06T12:25:15.959+0300][gc,marking  ] GC(2) Concurrent Cleanup for Next Mark
[2025-04-06T12:25:15.973+0300][gc,marking  ] GC(2) Concurrent Cleanup for Next Mark 14,523ms
[2025-04-06T12:25:15.973+0300][gc          ] GC(2) Concurrent Mark Cycle 24,835ms
[2025-04-06T12:25:16.918+0300][gc,start    ] GC(3) Pause Young (Normal) (G1 Evacuation Pause)
[2025-04-06T12:25:16.918+0300][gc,task     ] GC(3) Using 4 workers of 4 for evacuation
[2025-04-06T12:25:16.924+0300][gc,phases   ] GC(3)   Pre Evacuate Collection Set: 0,1ms
[2025-04-06T12:25:16.924+0300][gc,phases   ] GC(3)   Merge Heap Roots: 0,1ms
[2025-04-06T12:25:16.924+0300][gc,phases   ] GC(3)   Evacuate Collection Set: 5,5ms
[2025-04-06T12:25:16.924+0300][gc,phases   ] GC(3)   Post Evacuate Collection Set: 0,8ms
[2025-04-06T12:25:16.924+0300][gc,phases   ] GC(3)   Other: 0,1ms
[2025-04-06T12:25:16.924+0300][gc,heap     ] GC(3) Eden regions: 49->0(46)
[2025-04-06T12:25:16.924+0300][gc,heap     ] GC(3) Survivor regions: 2->5(7)
[2025-04-06T12:25:16.924+0300][gc,heap     ] GC(3) Old regions: 8->8
[2025-04-06T12:25:16.924+0300][gc,heap     ] GC(3) Archive regions: 2->2
[2025-04-06T12:25:16.924+0300][gc,heap     ] GC(3) Humongous regions: 129->0
[2025-04-06T12:25:16.924+0300][gc,metaspace] GC(3) Metaspace: 31866K(32128K)->31866K(32128K) NonClass: 27896K(28032K)->27896K(28032K) Class: 3969K(4096K)->3969K(4096K)
[2025-04-06T12:25:16.924+0300][gc          ] GC(3) Pause Young (Normal) (G1 Evacuation Pause) 188M->12M(1024M) 6,757ms
[2025-04-06T12:25:16.924+0300][gc,cpu      ] GC(3) User=0,02s Sys=0,00s Real=0,01s
[2025-04-06T12:25:16.956+0300][gc,heap,exit] Heap
[2025-04-06T12:25:16.956+0300][gc,heap,exit]  garbage-first heap   total 1048576K, used 15220K [0x00000000c0000000, 0x0000000100000000)
[2025-04-06T12:25:16.956+0300][gc,heap,exit]   region size 1024K, 7 young (7168K), 5 survivors (5120K)
[2025-04-06T12:25:16.956+0300][gc,heap,exit]  Metaspace       used 31976K, committed 32192K, reserved 1114112K
[2025-04-06T12:25:16.956+0300][gc,heap,exit]   class space    used 3984K, committed 4096K, reserved 1048576K
