[2025-04-06T12:26:58.104+0300][gc] Using G1
[2025-04-06T12:26:58.114+0300][gc,init] Version: 17.0.14+7-Ubuntu-122.04.1 (release)
[2025-04-06T12:26:58.114+0300][gc,init] CPUs: 4 total, 4 available
[2025-04-06T12:26:58.114+0300][gc,init] Memory: 15675M
[2025-04-06T12:26:58.114+0300][gc,init] Large Page Support: Disabled
[2025-04-06T12:26:58.114+0300][gc,init] NUMA Support: Disabled
[2025-04-06T12:26:58.114+0300][gc,init] Compressed Oops: Enabled (32-bit)
[2025-04-06T12:26:58.114+0300][gc,init] Heap Region Size: 1M
[2025-04-06T12:26:58.114+0300][gc,init] Heap Min Capacity: 1G
[2025-04-06T12:26:58.114+0300][gc,init] Heap Initial Capacity: 1G
[2025-04-06T12:26:58.114+0300][gc,init] Heap Max Capacity: 1G
[2025-04-06T12:26:58.114+0300][gc,init] Pre-touch: Disabled
[2025-04-06T12:26:58.114+0300][gc,init] Parallel Workers: 4
[2025-04-06T12:26:58.114+0300][gc,init] Concurrent Workers: 1
[2025-04-06T12:26:58.114+0300][gc,init] Concurrent Refinement Workers: 4
[2025-04-06T12:26:58.114+0300][gc,init] Periodic GC: Disabled
[2025-04-06T12:26:58.122+0300][gc,metaspace] CDS archive(s) mapped at: [0x000079f16f000000-0x000079f16fbc9000-0x000079f16fbc9000), size 12357632, SharedBaseAddress: 0x000079f16f000000, ArchiveRelocationMode: 1.
[2025-04-06T12:26:58.122+0300][gc,metaspace] Compressed class space mapped at: 0x000079f170000000-0x000079f1b0000000, reserved size: 1073741824
[2025-04-06T12:26:58.122+0300][gc,metaspace] Narrow klass base: 0x000079f16f000000, Narrow klass shift: 0, Narrow klass range: 0x100000000
[2025-04-06T12:26:59.945+0300][gc,start    ] GC(0) Pause Young (Normal) (G1 Evacuation Pause)
[2025-04-06T12:26:59.945+0300][gc,task     ] GC(0) Using 4 workers of 4 for evacuation
[2025-04-06T12:26:59.957+0300][gc,phases   ] GC(0)   Pre Evacuate Collection Set: 0,3ms
[2025-04-06T12:26:59.957+0300][gc,phases   ] GC(0)   Merge Heap Roots: 0,1ms
[2025-04-06T12:26:59.957+0300][gc,phases   ] GC(0)   Evacuate Collection Set: 10,2ms
[2025-04-06T12:26:59.957+0300][gc,phases   ] GC(0)   Post Evacuate Collection Set: 1,4ms
[2025-04-06T12:26:59.957+0300][gc,phases   ] GC(0)   Other: 0,9ms
[2025-04-06T12:26:59.957+0300][gc,heap     ] GC(0) Eden regions: 51->0(44)
[2025-04-06T12:26:59.957+0300][gc,heap     ] GC(0) Survivor regions: 0->7(7)
[2025-04-06T12:26:59.957+0300][gc,heap     ] GC(0) Old regions: 0->2
[2025-04-06T12:26:59.957+0300][gc,heap     ] GC(0) Archive regions: 2->2
[2025-04-06T12:26:59.957+0300][gc,heap     ] GC(0) Humongous regions: 0->0
[2025-04-06T12:26:59.957+0300][gc,metaspace] GC(0) Metaspace: 18188K(18432K)->18188K(18432K) NonClass: 15815K(15936K)->15815K(15936K) Class: 2372K(2496K)->2372K(2496K)
[2025-04-06T12:26:59.957+0300][gc          ] GC(0) Pause Young (Normal) (G1 Evacuation Pause) 51M->9M(1024M) 12,932ms
[2025-04-06T12:26:59.958+0300][gc,cpu      ] GC(0) User=0,02s Sys=0,00s Real=0,01s
[2025-04-06T12:27:00.426+0300][gc,start    ] GC(1) Pause Young (Concurrent Start) (Metadata GC Threshold)
[2025-04-06T12:27:00.426+0300][gc,task     ] GC(1) Using 4 workers of 4 for evacuation
[2025-04-06T12:27:00.449+0300][gc,mmu      ] GC(1) MMU target violated: 21,0ms (20,0ms/21,0ms)
[2025-04-06T12:27:00.449+0300][gc,phases   ] GC(1)   Pre Evacuate Collection Set: 0,3ms
[2025-04-06T12:27:00.449+0300][gc,phases   ] GC(1)   Merge Heap Roots: 0,1ms
[2025-04-06T12:27:00.449+0300][gc,phases   ] GC(1)   Evacuate Collection Set: 20,3ms
[2025-04-06T12:27:00.449+0300][gc,phases   ] GC(1)   Post Evacuate Collection Set: 1,8ms
[2025-04-06T12:27:00.449+0300][gc,phases   ] GC(1)   Other: 0,3ms
[2025-04-06T12:27:00.449+0300][gc,heap     ] GC(1) Eden regions: 13->0(49)
[2025-04-06T12:27:00.449+0300][gc,heap     ] GC(1) Survivor regions: 7->2(7)
[2025-04-06T12:27:00.449+0300][gc,heap     ] GC(1) Old regions: 2->9
[2025-04-06T12:27:00.449+0300][gc,heap     ] GC(1) Archive regions: 2->2
[2025-04-06T12:27:00.449+0300][gc,heap     ] GC(1) Humongous regions: 129->129
[2025-04-06T12:27:00.449+0300][gc,metaspace] GC(1) Metaspace: 21301K(21504K)->21301K(21504K) NonClass: 18456K(18560K)->18456K(18560K) Class: 2845K(2944K)->2845K(2944K)
[2025-04-06T12:27:00.449+0300][gc          ] GC(1) Pause Young (Concurrent Start) (Metadata GC Threshold) 150M->139M(1024M) 23,054ms
[2025-04-06T12:27:00.449+0300][gc,cpu      ] GC(1) User=0,01s Sys=0,01s Real=0,02s
[2025-04-06T12:27:00.449+0300][gc          ] GC(2) Concurrent Mark Cycle
[2025-04-06T12:27:00.449+0300][gc,marking  ] GC(2) Concurrent Clear Claimed Marks
[2025-04-06T12:27:00.449+0300][gc,marking  ] GC(2) Concurrent Clear Claimed Marks 0,021ms
[2025-04-06T12:27:00.449+0300][gc,marking  ] GC(2) Concurrent Scan Root Regions
[2025-04-06T12:27:00.454+0300][gc,marking  ] GC(2) Concurrent Scan Root Regions 4,825ms
[2025-04-06T12:27:00.454+0300][gc,marking  ] GC(2) Concurrent Mark
[2025-04-06T12:27:00.454+0300][gc,marking  ] GC(2) Concurrent Mark From Roots
[2025-04-06T12:27:00.454+0300][gc,task     ] GC(2) Using 1 workers of 1 for marking
[2025-04-06T12:27:00.464+0300][gc,marking  ] GC(2) Concurrent Mark From Roots 9,964ms
[2025-04-06T12:27:00.464+0300][gc,marking  ] GC(2) Concurrent Preclean
[2025-04-06T12:27:00.464+0300][gc,marking  ] GC(2) Concurrent Preclean 0,079ms
[2025-04-06T12:27:00.467+0300][gc,start    ] GC(2) Pause Remark
[2025-04-06T12:27:00.474+0300][gc          ] GC(2) Pause Remark 140M->140M(1024M) 7,520ms
[2025-04-06T12:27:00.474+0300][gc,cpu      ] GC(2) User=0,00s Sys=0,00s Real=0,01s
[2025-04-06T12:27:00.476+0300][gc,marking  ] GC(2) Concurrent Mark 21,352ms
[2025-04-06T12:27:00.476+0300][gc,marking  ] GC(2) Concurrent Rebuild Remembered Sets
[2025-04-06T12:27:00.502+0300][gc,marking  ] GC(2) Concurrent Rebuild Remembered Sets 25,994ms
[2025-04-06T12:27:00.502+0300][gc,start    ] GC(2) Pause Cleanup
[2025-04-06T12:27:00.502+0300][gc          ] GC(2) Pause Cleanup 141M->141M(1024M) 0,273ms
[2025-04-06T12:27:00.502+0300][gc,cpu      ] GC(2) User=0,00s Sys=0,00s Real=0,00s
[2025-04-06T12:27:00.504+0300][gc,marking  ] GC(2) Concurrent Cleanup for Next Mark
[2025-04-06T12:27:00.537+0300][gc,marking  ] GC(2) Concurrent Cleanup for Next Mark 32,463ms
[2025-04-06T12:27:00.537+0300][gc          ] GC(2) Concurrent Mark Cycle 87,362ms
[2025-04-06T12:27:02.233+0300][gc,start    ] GC(3) Pause Young (Normal) (G1 Evacuation Pause)
[2025-04-06T12:27:02.233+0300][gc,task     ] GC(3) Using 4 workers of 4 for evacuation
[2025-04-06T12:27:02.243+0300][gc,phases   ] GC(3)   Pre Evacuate Collection Set: 0,2ms
[2025-04-06T12:27:02.243+0300][gc,phases   ] GC(3)   Merge Heap Roots: 0,1ms
[2025-04-06T12:27:02.243+0300][gc,phases   ] GC(3)   Evacuate Collection Set: 8,7ms
[2025-04-06T12:27:02.243+0300][gc,phases   ] GC(3)   Post Evacuate Collection Set: 0,7ms
[2025-04-06T12:27:02.243+0300][gc,phases   ] GC(3)   Other: 0,1ms
[2025-04-06T12:27:02.243+0300][gc,heap     ] GC(3) Eden regions: 49->0(45)
[2025-04-06T12:27:02.243+0300][gc,heap     ] GC(3) Survivor regions: 2->6(7)
[2025-04-06T12:27:02.243+0300][gc,heap     ] GC(3) Old regions: 9->9
[2025-04-06T12:27:02.243+0300][gc,heap     ] GC(3) Archive regions: 2->2
[2025-04-06T12:27:02.243+0300][gc,heap     ] GC(3) Humongous regions: 129->129
[2025-04-06T12:27:02.243+0300][gc,metaspace] GC(3) Metaspace: 32561K(32832K)->32561K(32832K) NonClass: 28648K(28800K)->28648K(28800K) Class: 3913K(4032K)->3913K(4032K)
[2025-04-06T12:27:02.243+0300][gc          ] GC(3) Pause Young (Normal) (G1 Evacuation Pause) 188M->144M(1024M) 9,812ms
[2025-04-06T12:27:02.243+0300][gc,cpu      ] GC(3) User=0,02s Sys=0,00s Real=0,01s
[2025-04-06T12:27:02.752+0300][gc,start    ] GC(4) Pause Young (Concurrent Start) (Metadata GC Threshold)
[2025-04-06T12:27:02.752+0300][gc,task     ] GC(4) Using 4 workers of 4 for evacuation
[2025-04-06T12:27:02.776+0300][gc,mmu      ] GC(4) MMU target violated: 21,0ms (20,0ms/21,0ms)
[2025-04-06T12:27:02.776+0300][gc,phases   ] GC(4)   Pre Evacuate Collection Set: 0,3ms
[2025-04-06T12:27:02.776+0300][gc,phases   ] GC(4)   Merge Heap Roots: 0,1ms
[2025-04-06T12:27:02.776+0300][gc,phases   ] GC(4)   Evacuate Collection Set: 22,8ms
[2025-04-06T12:27:02.776+0300][gc,phases   ] GC(4)   Post Evacuate Collection Set: 0,9ms
[2025-04-06T12:27:02.776+0300][gc,phases   ] GC(4)   Other: 0,3ms
[2025-04-06T12:27:02.776+0300][gc,heap     ] GC(4) Eden regions: 15->0(50)
[2025-04-06T12:27:02.776+0300][gc,heap     ] GC(4) Survivor regions: 6->1(7)
[2025-04-06T12:27:02.776+0300][gc,heap     ] GC(4) Old regions: 9->14
[2025-04-06T12:27:02.776+0300][gc,heap     ] GC(4) Archive regions: 2->2
[2025-04-06T12:27:02.776+0300][gc,heap     ] GC(4) Humongous regions: 129->129
[2025-04-06T12:27:02.776+0300][gc,metaspace] GC(4) Metaspace: 36071K(36288K)->36071K(36288K) NonClass: 31724K(31872K)->31724K(31872K) Class: 4347K(4416K)->4347K(4416K)
[2025-04-06T12:27:02.776+0300][gc          ] GC(4) Pause Young (Concurrent Start) (Metadata GC Threshold) 158M->144M(1024M) 24,437ms
[2025-04-06T12:27:02.776+0300][gc,cpu      ] GC(4) User=0,04s Sys=0,00s Real=0,02s
[2025-04-06T12:27:02.776+0300][gc          ] GC(5) Concurrent Mark Cycle
[2025-04-06T12:27:02.776+0300][gc,marking  ] GC(5) Concurrent Clear Claimed Marks
[2025-04-06T12:27:02.776+0300][gc,marking  ] GC(5) Concurrent Clear Claimed Marks 0,025ms
[2025-04-06T12:27:02.776+0300][gc,marking  ] GC(5) Concurrent Scan Root Regions
[2025-04-06T12:27:02.802+0300][gc,marking  ] GC(5) Concurrent Scan Root Regions 26,039ms
[2025-04-06T12:27:02.802+0300][gc,marking  ] GC(5) Concurrent Mark
[2025-04-06T12:27:02.802+0300][gc,marking  ] GC(5) Concurrent Mark From Roots
[2025-04-06T12:27:02.802+0300][gc,task     ] GC(5) Using 1 workers of 1 for marking
[2025-04-06T12:27:02.838+0300][gc,marking  ] GC(5) Concurrent Mark From Roots 35,356ms
[2025-04-06T12:27:02.838+0300][gc,marking  ] GC(5) Concurrent Preclean
[2025-04-06T12:27:02.838+0300][gc,marking  ] GC(5) Concurrent Preclean 0,158ms
[2025-04-06T12:27:02.839+0300][gc,start    ] GC(5) Pause Remark
[2025-04-06T12:27:02.847+0300][gc          ] GC(5) Pause Remark 146M->146M(1024M) 7,248ms
[2025-04-06T12:27:02.847+0300][gc,cpu      ] GC(5) User=0,01s Sys=0,00s Real=0,01s
[2025-04-06T12:27:02.849+0300][gc,marking  ] GC(5) Concurrent Mark 46,895ms
[2025-04-06T12:27:02.849+0300][gc,marking  ] GC(5) Concurrent Rebuild Remembered Sets
[2025-04-06T12:27:02.874+0300][gc,marking  ] GC(5) Concurrent Rebuild Remembered Sets 24,702ms
[2025-04-06T12:27:02.875+0300][gc,start    ] GC(5) Pause Cleanup
[2025-04-06T12:27:02.875+0300][gc          ] GC(5) Pause Cleanup 146M->146M(1024M) 0,359ms
[2025-04-06T12:27:02.875+0300][gc,cpu      ] GC(5) User=0,01s Sys=0,00s Real=0,00s
[2025-04-06T12:27:02.875+0300][gc,marking  ] GC(5) Concurrent Cleanup for Next Mark
[2025-04-06T12:27:02.911+0300][gc,marking  ] GC(5) Concurrent Cleanup for Next Mark 36,130ms
[2025-04-06T12:27:02.911+0300][gc          ] GC(5) Concurrent Mark Cycle 134,829ms
[2025-04-06T12:27:11.074+0300][gc,heap,exit] Heap
[2025-04-06T12:27:11.074+0300][gc,heap,exit]  garbage-first heap   total 1048576K, used 164863K [0x00000000c0000000, 0x0000000100000000)
[2025-04-06T12:27:11.075+0300][gc,heap,exit]   region size 1024K, 18 young (18432K), 1 survivors (1024K)
[2025-04-06T12:27:11.075+0300][gc,heap,exit]  Metaspace       used 37974K, committed 38336K, reserved 1114112K
[2025-04-06T12:27:11.075+0300][gc,heap,exit]   class space    used 4670K, committed 4864K, reserved 1048576K
