[2025-04-07T20:03:03.577+0300][gc] Using G1
[2025-04-07T20:03:03.589+0300][gc,init] Version: 17.0.14+7-Ubuntu-122.04.1 (release)
[2025-04-07T20:03:03.589+0300][gc,init] CPUs: 4 total, 4 available
[2025-04-07T20:03:03.589+0300][gc,init] Memory: 15675M
[2025-04-07T20:03:03.589+0300][gc,init] Large Page Support: Disabled
[2025-04-07T20:03:03.589+0300][gc,init] NUMA Support: Disabled
[2025-04-07T20:03:03.589+0300][gc,init] Compressed Oops: Enabled (32-bit)
[2025-04-07T20:03:03.589+0300][gc,init] Heap Region Size: 1M
[2025-04-07T20:03:03.589+0300][gc,init] Heap Min Capacity: 1G
[2025-04-07T20:03:03.589+0300][gc,init] Heap Initial Capacity: 1G
[2025-04-07T20:03:03.589+0300][gc,init] Heap Max Capacity: 1G
[2025-04-07T20:03:03.589+0300][gc,init] Pre-touch: Disabled
[2025-04-07T20:03:03.589+0300][gc,init] Parallel Workers: 4
[2025-04-07T20:03:03.589+0300][gc,init] Concurrent Workers: 1
[2025-04-07T20:03:03.589+0300][gc,init] Concurrent Refinement Workers: 4
[2025-04-07T20:03:03.589+0300][gc,init] Periodic GC: Disabled
[2025-04-07T20:03:03.596+0300][gc,metaspace] CDS archive(s) mapped at: [0x00007e3573000000-0x00007e3573bc9000-0x00007e3573bc9000), size 12357632, SharedBaseAddress: 0x00007e3573000000, ArchiveRelocationMode: 1.
[2025-04-07T20:03:03.596+0300][gc,metaspace] Compressed class space mapped at: 0x00007e3574000000-0x00007e35b4000000, reserved size: 1073741824
[2025-04-07T20:03:03.596+0300][gc,metaspace] Narrow klass base: 0x00007e3573000000, Narrow klass shift: 0, Narrow klass range: 0x100000000
[2025-04-07T20:03:05.810+0300][gc,start    ] GC(0) Pause Young (Normal) (G1 Evacuation Pause)
[2025-04-07T20:03:05.811+0300][gc,task     ] GC(0) Using 4 workers of 4 for evacuation
[2025-04-07T20:03:05.818+0300][gc,phases   ] GC(0)   Pre Evacuate Collection Set: 0,1ms
[2025-04-07T20:03:05.818+0300][gc,phases   ] GC(0)   Merge Heap Roots: 0,1ms
[2025-04-07T20:03:05.818+0300][gc,phases   ] GC(0)   Evacuate Collection Set: 7,1ms
[2025-04-07T20:03:05.818+0300][gc,phases   ] GC(0)   Post Evacuate Collection Set: 0,5ms
[2025-04-07T20:03:05.818+0300][gc,phases   ] GC(0)   Other: 0,6ms
[2025-04-07T20:03:05.818+0300][gc,heap     ] GC(0) Eden regions: 51->0(44)
[2025-04-07T20:03:05.818+0300][gc,heap     ] GC(0) Survivor regions: 0->7(7)
[2025-04-07T20:03:05.818+0300][gc,heap     ] GC(0) Old regions: 0->2
[2025-04-07T20:03:05.818+0300][gc,heap     ] GC(0) Archive regions: 2->2
[2025-04-07T20:03:05.818+0300][gc,heap     ] GC(0) Humongous regions: 0->0
[2025-04-07T20:03:05.818+0300][gc,metaspace] GC(0) Metaspace: 18066K(18304K)->18066K(18304K) NonClass: 15700K(15808K)->15700K(15808K) Class: 2365K(2496K)->2365K(2496K)
[2025-04-07T20:03:05.818+0300][gc          ] GC(0) Pause Young (Normal) (G1 Evacuation Pause) 51M->9M(1024M) 8,472ms
[2025-04-07T20:03:05.818+0300][gc,cpu      ] GC(0) User=0,02s Sys=0,00s Real=0,01s
[2025-04-07T20:03:06.131+0300][gc,start    ] GC(1) Pause Young (Concurrent Start) (Metadata GC Threshold)
[2025-04-07T20:03:06.131+0300][gc,task     ] GC(1) Using 4 workers of 4 for evacuation
[2025-04-07T20:03:06.137+0300][gc,phases   ] GC(1)   Pre Evacuate Collection Set: 0,1ms
[2025-04-07T20:03:06.137+0300][gc,phases   ] GC(1)   Merge Heap Roots: 0,1ms
[2025-04-07T20:03:06.137+0300][gc,phases   ] GC(1)   Evacuate Collection Set: 5,7ms
[2025-04-07T20:03:06.137+0300][gc,phases   ] GC(1)   Post Evacuate Collection Set: 0,4ms
[2025-04-07T20:03:06.137+0300][gc,phases   ] GC(1)   Other: 0,2ms
[2025-04-07T20:03:06.137+0300][gc,heap     ] GC(1) Eden regions: 13->0(49)
[2025-04-07T20:03:06.137+0300][gc,heap     ] GC(1) Survivor regions: 7->2(7)
[2025-04-07T20:03:06.137+0300][gc,heap     ] GC(1) Old regions: 2->8
[2025-04-07T20:03:06.137+0300][gc,heap     ] GC(1) Archive regions: 2->2
[2025-04-07T20:03:06.137+0300][gc,heap     ] GC(1) Humongous regions: 0->0
[2025-04-07T20:03:06.137+0300][gc,metaspace] GC(1) Metaspace: 21310K(21504K)->21310K(21504K) NonClass: 18448K(18560K)->18448K(18560K) Class: 2862K(2944K)->2862K(2944K)
[2025-04-07T20:03:06.137+0300][gc          ] GC(1) Pause Young (Concurrent Start) (Metadata GC Threshold) 22M->10M(1024M) 6,684ms
[2025-04-07T20:03:06.138+0300][gc,cpu      ] GC(1) User=0,02s Sys=0,01s Real=0,01s
[2025-04-07T20:03:06.138+0300][gc          ] GC(2) Concurrent Mark Cycle
[2025-04-07T20:03:06.138+0300][gc,marking  ] GC(2) Concurrent Clear Claimed Marks
[2025-04-07T20:03:06.138+0300][gc,marking  ] GC(2) Concurrent Clear Claimed Marks 0,016ms
[2025-04-07T20:03:06.138+0300][gc,marking  ] GC(2) Concurrent Scan Root Regions
[2025-04-07T20:03:06.142+0300][gc,marking  ] GC(2) Concurrent Scan Root Regions 3,941ms
[2025-04-07T20:03:06.142+0300][gc,marking  ] GC(2) Concurrent Mark
[2025-04-07T20:03:06.142+0300][gc,marking  ] GC(2) Concurrent Mark From Roots
[2025-04-07T20:03:06.142+0300][gc,task     ] GC(2) Using 1 workers of 1 for marking
[2025-04-07T20:03:06.149+0300][gc,marking  ] GC(2) Concurrent Mark From Roots 7,721ms
[2025-04-07T20:03:06.149+0300][gc,marking  ] GC(2) Concurrent Preclean
[2025-04-07T20:03:06.149+0300][gc,marking  ] GC(2) Concurrent Preclean 0,070ms
[2025-04-07T20:03:06.150+0300][gc,start    ] GC(2) Pause Remark
[2025-04-07T20:03:06.153+0300][gc          ] GC(2) Pause Remark 10M->10M(1024M) 3,548ms
[2025-04-07T20:03:06.153+0300][gc,cpu      ] GC(2) User=0,01s Sys=0,00s Real=0,01s
[2025-04-07T20:03:06.153+0300][gc,marking  ] GC(2) Concurrent Mark 11,782ms
[2025-04-07T20:03:06.153+0300][gc,marking  ] GC(2) Concurrent Rebuild Remembered Sets
[2025-04-07T20:03:06.153+0300][gc,marking  ] GC(2) Concurrent Rebuild Remembered Sets 0,010ms
[2025-04-07T20:03:06.154+0300][gc,start    ] GC(2) Pause Cleanup
[2025-04-07T20:03:06.154+0300][gc          ] GC(2) Pause Cleanup 10M->10M(1024M) 0,116ms
[2025-04-07T20:03:06.154+0300][gc,cpu      ] GC(2) User=0,00s Sys=0,00s Real=0,00s
[2025-04-07T20:03:06.154+0300][gc,marking  ] GC(2) Concurrent Cleanup for Next Mark
[2025-04-07T20:03:06.166+0300][gc,marking  ] GC(2) Concurrent Cleanup for Next Mark 11,948ms
[2025-04-07T20:03:06.166+0300][gc          ] GC(2) Concurrent Mark Cycle 28,747ms
[2025-04-07T20:03:07.174+0300][gc,start    ] GC(3) Pause Young (Normal) (G1 Evacuation Pause)
[2025-04-07T20:03:07.174+0300][gc,task     ] GC(3) Using 4 workers of 4 for evacuation
[2025-04-07T20:03:07.186+0300][gc,phases   ] GC(3)   Pre Evacuate Collection Set: 0,3ms
[2025-04-07T20:03:07.186+0300][gc,phases   ] GC(3)   Merge Heap Roots: 0,1ms
[2025-04-07T20:03:07.186+0300][gc,phases   ] GC(3)   Evacuate Collection Set: 10,3ms
[2025-04-07T20:03:07.187+0300][gc,phases   ] GC(3)   Post Evacuate Collection Set: 1,0ms
[2025-04-07T20:03:07.187+0300][gc,phases   ] GC(3)   Other: 0,2ms
[2025-04-07T20:03:07.187+0300][gc,heap     ] GC(3) Eden regions: 49->0(44)
[2025-04-07T20:03:07.187+0300][gc,heap     ] GC(3) Survivor regions: 2->7(7)
[2025-04-07T20:03:07.187+0300][gc,heap     ] GC(3) Old regions: 8->8
[2025-04-07T20:03:07.187+0300][gc,heap     ] GC(3) Archive regions: 2->2
[2025-04-07T20:03:07.187+0300][gc,heap     ] GC(3) Humongous regions: 129->129
[2025-04-07T20:03:07.187+0300][gc,metaspace] GC(3) Metaspace: 32425K(32704K)->32425K(32704K) NonClass: 28537K(28672K)->28537K(28672K) Class: 3887K(4032K)->3887K(4032K)
[2025-04-07T20:03:07.187+0300][gc          ] GC(3) Pause Young (Normal) (G1 Evacuation Pause) 188M->144M(1024M) 12,247ms
[2025-04-07T20:03:07.187+0300][gc,cpu      ] GC(3) User=0,02s Sys=0,00s Real=0,01s
[2025-04-07T20:03:07.446+0300][gc,start    ] GC(4) Pause Young (Concurrent Start) (Metadata GC Threshold)
[2025-04-07T20:03:07.446+0300][gc,task     ] GC(4) Using 4 workers of 4 for evacuation
[2025-04-07T20:03:07.461+0300][gc,phases   ] GC(4)   Pre Evacuate Collection Set: 0,2ms
[2025-04-07T20:03:07.461+0300][gc,phases   ] GC(4)   Merge Heap Roots: 0,1ms
[2025-04-07T20:03:07.461+0300][gc,phases   ] GC(4)   Evacuate Collection Set: 13,6ms
[2025-04-07T20:03:07.461+0300][gc,phases   ] GC(4)   Post Evacuate Collection Set: 1,0ms
[2025-04-07T20:03:07.461+0300][gc,phases   ] GC(4)   Other: 0,3ms
[2025-04-07T20:03:07.461+0300][gc,heap     ] GC(4) Eden regions: 15->0(49)
[2025-04-07T20:03:07.461+0300][gc,heap     ] GC(4) Survivor regions: 7->2(7)
[2025-04-07T20:03:07.461+0300][gc,heap     ] GC(4) Old regions: 8->15
[2025-04-07T20:03:07.461+0300][gc,heap     ] GC(4) Archive regions: 2->2
[2025-04-07T20:03:07.461+0300][gc,heap     ] GC(4) Humongous regions: 129->129
[2025-04-07T20:03:07.461+0300][gc,metaspace] GC(4) Metaspace: 35721K(35968K)->35721K(35968K) NonClass: 31435K(31552K)->31435K(31552K) Class: 4286K(4416K)->4286K(4416K)
[2025-04-07T20:03:07.461+0300][gc          ] GC(4) Pause Young (Concurrent Start) (Metadata GC Threshold) 158M->145M(1024M) 15,321ms
[2025-04-07T20:03:07.461+0300][gc,cpu      ] GC(4) User=0,05s Sys=0,00s Real=0,01s
[2025-04-07T20:03:07.463+0300][gc          ] GC(5) Concurrent Mark Cycle
[2025-04-07T20:03:07.463+0300][gc,marking  ] GC(5) Concurrent Clear Claimed Marks
[2025-04-07T20:03:07.463+0300][gc,marking  ] GC(5) Concurrent Clear Claimed Marks 0,028ms
[2025-04-07T20:03:07.463+0300][gc,marking  ] GC(5) Concurrent Scan Root Regions
[2025-04-07T20:03:07.483+0300][gc,marking  ] GC(5) Concurrent Scan Root Regions 19,855ms
[2025-04-07T20:03:07.484+0300][gc,marking  ] GC(5) Concurrent Mark
[2025-04-07T20:03:07.484+0300][gc,marking  ] GC(5) Concurrent Mark From Roots
[2025-04-07T20:03:07.484+0300][gc,task     ] GC(5) Using 1 workers of 1 for marking
[2025-04-07T20:03:07.499+0300][gc,marking  ] GC(5) Concurrent Mark From Roots 15,788ms
[2025-04-07T20:03:07.500+0300][gc,marking  ] GC(5) Concurrent Preclean
[2025-04-07T20:03:07.500+0300][gc,marking  ] GC(5) Concurrent Preclean 0,137ms
[2025-04-07T20:03:07.500+0300][gc,start    ] GC(5) Pause Remark
[2025-04-07T20:03:07.511+0300][gc          ] GC(5) Pause Remark 147M->147M(1024M) 11,088ms
[2025-04-07T20:03:07.511+0300][gc,cpu      ] GC(5) User=0,03s Sys=0,00s Real=0,01s
[2025-04-07T20:03:07.511+0300][gc,marking  ] GC(5) Concurrent Mark 27,845ms
[2025-04-07T20:03:07.512+0300][gc,marking  ] GC(5) Concurrent Rebuild Remembered Sets
[2025-04-07T20:03:07.526+0300][gc,marking  ] GC(5) Concurrent Rebuild Remembered Sets 14,593ms
[2025-04-07T20:03:07.526+0300][gc,start    ] GC(5) Pause Cleanup
[2025-04-07T20:03:07.527+0300][gc          ] GC(5) Pause Cleanup 147M->147M(1024M) 0,187ms
[2025-04-07T20:03:07.527+0300][gc,cpu      ] GC(5) User=0,00s Sys=0,00s Real=0,00s
[2025-04-07T20:03:07.527+0300][gc,marking  ] GC(5) Concurrent Cleanup for Next Mark
[2025-04-07T20:03:07.544+0300][gc,marking  ] GC(5) Concurrent Cleanup for Next Mark 17,082ms
[2025-04-07T20:03:07.544+0300][gc          ] GC(5) Concurrent Mark Cycle 81,150ms
