[2025-04-06T12:40:44.719+0300][gc] Using G1
[2025-04-06T12:40:44.730+0300][gc,init] Version: 17.0.14+7-Ubuntu-122.04.1 (release)
[2025-04-06T12:40:44.730+0300][gc,init] CPUs: 4 total, 4 available
[2025-04-06T12:40:44.730+0300][gc,init] Memory: 15675M
[2025-04-06T12:40:44.730+0300][gc,init] Large Page Support: Disabled
[2025-04-06T12:40:44.730+0300][gc,init] NUMA Support: Disabled
[2025-04-06T12:40:44.730+0300][gc,init] Compressed Oops: Enabled (32-bit)
[2025-04-06T12:40:44.730+0300][gc,init] Heap Region Size: 1M
[2025-04-06T12:40:44.730+0300][gc,init] Heap Min Capacity: 1G
[2025-04-06T12:40:44.730+0300][gc,init] Heap Initial Capacity: 1G
[2025-04-06T12:40:44.730+0300][gc,init] Heap Max Capacity: 1G
[2025-04-06T12:40:44.730+0300][gc,init] Pre-touch: Disabled
[2025-04-06T12:40:44.730+0300][gc,init] Parallel Workers: 4
[2025-04-06T12:40:44.730+0300][gc,init] Concurrent Workers: 1
[2025-04-06T12:40:44.730+0300][gc,init] Concurrent Refinement Workers: 4
[2025-04-06T12:40:44.730+0300][gc,init] Periodic GC: Disabled
[2025-04-06T12:40:44.738+0300][gc,metaspace] CDS archive(s) mapped at: [0x00007140eb000000-0x00007140ebbc9000-0x00007140ebbc9000), size 12357632, SharedBaseAddress: 0x00007140eb000000, ArchiveRelocationMode: 1.
[2025-04-06T12:40:44.738+0300][gc,metaspace] Compressed class space mapped at: 0x00007140ec000000-0x000071412c000000, reserved size: 1073741824
[2025-04-06T12:40:44.738+0300][gc,metaspace] Narrow klass base: 0x00007140eb000000, Narrow klass shift: 0, Narrow klass range: 0x100000000
[2025-04-06T12:40:46.558+0300][gc,start    ] GC(0) Pause Young (Normal) (G1 Evacuation Pause)
[2025-04-06T12:40:46.558+0300][gc,task     ] GC(0) Using 4 workers of 4 for evacuation
[2025-04-06T12:40:46.565+0300][gc,phases   ] GC(0)   Pre Evacuate Collection Set: 0,1ms
[2025-04-06T12:40:46.565+0300][gc,phases   ] GC(0)   Merge Heap Roots: 0,1ms
[2025-04-06T12:40:46.565+0300][gc,phases   ] GC(0)   Evacuate Collection Set: 5,7ms
[2025-04-06T12:40:46.565+0300][gc,phases   ] GC(0)   Post Evacuate Collection Set: 0,5ms
[2025-04-06T12:40:46.565+0300][gc,phases   ] GC(0)   Other: 0,5ms
[2025-04-06T12:40:46.565+0300][gc,heap     ] GC(0) Eden regions: 51->0(44)
[2025-04-06T12:40:46.565+0300][gc,heap     ] GC(0) Survivor regions: 0->7(7)
[2025-04-06T12:40:46.565+0300][gc,heap     ] GC(0) Old regions: 0->2
[2025-04-06T12:40:46.565+0300][gc,heap     ] GC(0) Archive regions: 2->2
[2025-04-06T12:40:46.565+0300][gc,heap     ] GC(0) Humongous regions: 0->0
[2025-04-06T12:40:46.565+0300][gc,metaspace] GC(0) Metaspace: 18154K(18368K)->18154K(18368K) NonClass: 15786K(15872K)->15786K(15872K) Class: 2367K(2496K)->2367K(2496K)
[2025-04-06T12:40:46.565+0300][gc          ] GC(0) Pause Young (Normal) (G1 Evacuation Pause) 51M->9M(1024M) 7,026ms
[2025-04-06T12:40:46.565+0300][gc,cpu      ] GC(0) User=0,02s Sys=0,01s Real=0,01s
[2025-04-06T12:40:46.890+0300][gc,heap,exit] Heap
[2025-04-06T12:40:46.890+0300][gc,heap,exit]  garbage-first heap   total 1048576K, used 18448K [0x00000000c0000000, 0x0000000100000000)
[2025-04-06T12:40:46.890+0300][gc,heap,exit]   region size 1024K, 16 young (16384K), 7 survivors (7168K)
[2025-04-06T12:40:46.890+0300][gc,heap,exit]  Metaspace       used 20467K, committed 20672K, reserved 1114112K
[2025-04-06T12:40:46.890+0300][gc,heap,exit]   class space    used 2720K, committed 2816K, reserved 1048576K
