[2025-04-07T23:25:34.172+0300][gc] Using G1
[2025-04-07T23:25:34.183+0300][gc,init] Version: 17.0.14+7-Ubuntu-122.04.1 (release)
[2025-04-07T23:25:34.183+0300][gc,init] CPUs: 4 total, 4 available
[2025-04-07T23:25:34.183+0300][gc,init] Memory: 15675M
[2025-04-07T23:25:34.183+0300][gc,init] Large Page Support: Disabled
[2025-04-07T23:25:34.183+0300][gc,init] NUMA Support: Disabled
[2025-04-07T23:25:34.183+0300][gc,init] Compressed Oops: Enabled (32-bit)
[2025-04-07T23:25:34.183+0300][gc,init] Heap Region Size: 1M
[2025-04-07T23:25:34.183+0300][gc,init] Heap Min Capacity: 1G
[2025-04-07T23:25:34.183+0300][gc,init] Heap Initial Capacity: 1G
[2025-04-07T23:25:34.183+0300][gc,init] Heap Max Capacity: 1G
[2025-04-07T23:25:34.183+0300][gc,init] Pre-touch: Disabled
[2025-04-07T23:25:34.183+0300][gc,init] Parallel Workers: 4
[2025-04-07T23:25:34.183+0300][gc,init] Concurrent Workers: 1
[2025-04-07T23:25:34.183+0300][gc,init] Concurrent Refinement Workers: 4
[2025-04-07T23:25:34.183+0300][gc,init] Periodic GC: Disabled
[2025-04-07T23:25:34.191+0300][gc,metaspace] CDS archive(s) mapped at: [0x00007d62cf000000-0x00007d62cfbc9000-0x00007d62cfbc9000), size 12357632, SharedBaseAddress: 0x00007d62cf000000, ArchiveRelocationMode: 1.
[2025-04-07T23:25:34.191+0300][gc,metaspace] Compressed class space mapped at: 0x00007d62d0000000-0x00007d6310000000, reserved size: 1073741824
[2025-04-07T23:25:34.191+0300][gc,metaspace] Narrow klass base: 0x00007d62cf000000, Narrow klass shift: 0, Narrow klass range: 0x100000000
[2025-04-07T23:25:35.819+0300][gc,start    ] GC(0) Pause Young (Normal) (G1 Evacuation Pause)
[2025-04-07T23:25:35.820+0300][gc,task     ] GC(0) Using 4 workers of 4 for evacuation
[2025-04-07T23:25:35.827+0300][gc,phases   ] GC(0)   Pre Evacuate Collection Set: 0,2ms
[2025-04-07T23:25:35.827+0300][gc,phases   ] GC(0)   Merge Heap Roots: 0,1ms
[2025-04-07T23:25:35.827+0300][gc,phases   ] GC(0)   Evacuate Collection Set: 5,8ms
[2025-04-07T23:25:35.827+0300][gc,phases   ] GC(0)   Post Evacuate Collection Set: 0,5ms
[2025-04-07T23:25:35.827+0300][gc,phases   ] GC(0)   Other: 1,1ms
[2025-04-07T23:25:35.827+0300][gc,heap     ] GC(0) Eden regions: 51->0(44)
[2025-04-07T23:25:35.827+0300][gc,heap     ] GC(0) Survivor regions: 0->7(7)
[2025-04-07T23:25:35.827+0300][gc,heap     ] GC(0) Old regions: 0->1
[2025-04-07T23:25:35.827+0300][gc,heap     ] GC(0) Archive regions: 2->2
[2025-04-07T23:25:35.827+0300][gc,heap     ] GC(0) Humongous regions: 0->0
[2025-04-07T23:25:35.827+0300][gc,metaspace] GC(0) Metaspace: 18056K(18304K)->18056K(18304K) NonClass: 15700K(15808K)->15700K(15808K) Class: 2356K(2496K)->2356K(2496K)
[2025-04-07T23:25:35.827+0300][gc          ] GC(0) Pause Young (Normal) (G1 Evacuation Pause) 51M->8M(1024M) 7,816ms
[2025-04-07T23:25:35.827+0300][gc,cpu      ] GC(0) User=0,02s Sys=0,01s Real=0,01s
[2025-04-07T23:25:36.084+0300][gc,start    ] GC(1) Pause Young (Concurrent Start) (Metadata GC Threshold)
[2025-04-07T23:25:36.084+0300][gc,task     ] GC(1) Using 4 workers of 4 for evacuation
[2025-04-07T23:25:36.090+0300][gc,phases   ] GC(1)   Pre Evacuate Collection Set: 0,1ms
[2025-04-07T23:25:36.090+0300][gc,phases   ] GC(1)   Merge Heap Roots: 0,0ms
[2025-04-07T23:25:36.090+0300][gc,phases   ] GC(1)   Evacuate Collection Set: 5,2ms
[2025-04-07T23:25:36.090+0300][gc,phases   ] GC(1)   Post Evacuate Collection Set: 0,4ms
[2025-04-07T23:25:36.090+0300][gc,phases   ] GC(1)   Other: 0,2ms
[2025-04-07T23:25:36.090+0300][gc,heap     ] GC(1) Eden regions: 12->0(50)
[2025-04-07T23:25:36.090+0300][gc,heap     ] GC(1) Survivor regions: 7->1(7)
[2025-04-07T23:25:36.090+0300][gc,heap     ] GC(1) Old regions: 1->8
[2025-04-07T23:25:36.090+0300][gc,heap     ] GC(1) Archive regions: 2->2
[2025-04-07T23:25:36.090+0300][gc,heap     ] GC(1) Humongous regions: 0->0
[2025-04-07T23:25:36.090+0300][gc,metaspace] GC(1) Metaspace: 21316K(21504K)->21316K(21504K) NonClass: 18456K(18560K)->18456K(18560K) Class: 2860K(2944K)->2860K(2944K)
[2025-04-07T23:25:36.090+0300][gc          ] GC(1) Pause Young (Concurrent Start) (Metadata GC Threshold) 20M->9M(1024M) 6,033ms
[2025-04-07T23:25:36.090+0300][gc,cpu      ] GC(1) User=0,02s Sys=0,00s Real=0,01s
[2025-04-07T23:25:36.090+0300][gc          ] GC(2) Concurrent Mark Cycle
[2025-04-07T23:25:36.090+0300][gc,marking  ] GC(2) Concurrent Clear Claimed Marks
[2025-04-07T23:25:36.090+0300][gc,marking  ] GC(2) Concurrent Clear Claimed Marks 0,017ms
[2025-04-07T23:25:36.090+0300][gc,marking  ] GC(2) Concurrent Scan Root Regions
[2025-04-07T23:25:36.094+0300][gc,marking  ] GC(2) Concurrent Scan Root Regions 3,894ms
[2025-04-07T23:25:36.094+0300][gc,marking  ] GC(2) Concurrent Mark
[2025-04-07T23:25:36.094+0300][gc,marking  ] GC(2) Concurrent Mark From Roots
[2025-04-07T23:25:36.094+0300][gc,task     ] GC(2) Using 1 workers of 1 for marking
[2025-04-07T23:25:36.099+0300][gc,marking  ] GC(2) Concurrent Mark From Roots 4,835ms
[2025-04-07T23:25:36.099+0300][gc,marking  ] GC(2) Concurrent Preclean
[2025-04-07T23:25:36.099+0300][gc,marking  ] GC(2) Concurrent Preclean 0,080ms
[2025-04-07T23:25:36.099+0300][gc,start    ] GC(2) Pause Remark
[2025-04-07T23:25:36.101+0300][gc          ] GC(2) Pause Remark 10M->10M(1024M) 1,638ms
[2025-04-07T23:25:36.101+0300][gc,cpu      ] GC(2) User=0,00s Sys=0,00s Real=0,01s
[2025-04-07T23:25:36.101+0300][gc,marking  ] GC(2) Concurrent Mark 6,756ms
[2025-04-07T23:25:36.101+0300][gc,marking  ] GC(2) Concurrent Rebuild Remembered Sets
[2025-04-07T23:25:36.101+0300][gc,marking  ] GC(2) Concurrent Rebuild Remembered Sets 0,005ms
[2025-04-07T23:25:36.101+0300][gc,start    ] GC(2) Pause Cleanup
[2025-04-07T23:25:36.101+0300][gc          ] GC(2) Pause Cleanup 10M->10M(1024M) 0,030ms
[2025-04-07T23:25:36.101+0300][gc,cpu      ] GC(2) User=0,00s Sys=0,00s Real=0,00s
[2025-04-07T23:25:36.101+0300][gc,marking  ] GC(2) Concurrent Cleanup for Next Mark
[2025-04-07T23:25:36.110+0300][gc,marking  ] GC(2) Concurrent Cleanup for Next Mark 8,934ms
[2025-04-07T23:25:36.110+0300][gc          ] GC(2) Concurrent Mark Cycle 19,961ms
[2025-04-07T23:25:36.998+0300][gc,start    ] GC(3) Pause Young (Normal) (G1 Evacuation Pause)
[2025-04-07T23:25:36.998+0300][gc,task     ] GC(3) Using 4 workers of 4 for evacuation
[2025-04-07T23:25:37.004+0300][gc,phases   ] GC(3)   Pre Evacuate Collection Set: 0,1ms
[2025-04-07T23:25:37.004+0300][gc,phases   ] GC(3)   Merge Heap Roots: 0,0ms
[2025-04-07T23:25:37.004+0300][gc,phases   ] GC(3)   Evacuate Collection Set: 5,1ms
[2025-04-07T23:25:37.004+0300][gc,phases   ] GC(3)   Post Evacuate Collection Set: 0,5ms
[2025-04-07T23:25:37.004+0300][gc,phases   ] GC(3)   Other: 0,1ms
[2025-04-07T23:25:37.004+0300][gc,heap     ] GC(3) Eden regions: 50->0(45)
[2025-04-07T23:25:37.004+0300][gc,heap     ] GC(3) Survivor regions: 1->6(7)
[2025-04-07T23:25:37.004+0300][gc,heap     ] GC(3) Old regions: 8->8
[2025-04-07T23:25:37.004+0300][gc,heap     ] GC(3) Archive regions: 2->2
[2025-04-07T23:25:37.004+0300][gc,heap     ] GC(3) Humongous regions: 129->129
[2025-04-07T23:25:37.004+0300][gc,metaspace] GC(3) Metaspace: 32744K(33024K)->32744K(33024K) NonClass: 28758K(28864K)->28758K(28864K) Class: 3986K(4160K)->3986K(4160K)
[2025-04-07T23:25:37.004+0300][gc          ] GC(3) Pause Young (Normal) (G1 Evacuation Pause) 188M->143M(1024M) 5,966ms
[2025-04-07T23:25:37.004+0300][gc,cpu      ] GC(3) User=0,02s Sys=0,00s Real=0,01s
[2025-04-07T23:25:37.200+0300][gc,start    ] GC(4) Pause Young (Concurrent Start) (Metadata GC Threshold)
[2025-04-07T23:25:37.200+0300][gc,task     ] GC(4) Using 4 workers of 4 for evacuation
[2025-04-07T23:25:37.214+0300][gc,phases   ] GC(4)   Pre Evacuate Collection Set: 0,2ms
[2025-04-07T23:25:37.214+0300][gc,phases   ] GC(4)   Merge Heap Roots: 0,1ms
[2025-04-07T23:25:37.214+0300][gc,phases   ] GC(4)   Evacuate Collection Set: 12,6ms
[2025-04-07T23:25:37.214+0300][gc,phases   ] GC(4)   Post Evacuate Collection Set: 0,6ms
[2025-04-07T23:25:37.214+0300][gc,phases   ] GC(4)   Other: 0,2ms
[2025-04-07T23:25:37.214+0300][gc,heap     ] GC(4) Eden regions: 14->0(49)
[2025-04-07T23:25:37.214+0300][gc,heap     ] GC(4) Survivor regions: 6->2(7)
[2025-04-07T23:25:37.214+0300][gc,heap     ] GC(4) Old regions: 8->14
[2025-04-07T23:25:37.214+0300][gc,heap     ] GC(4) Archive regions: 2->2
[2025-04-07T23:25:37.214+0300][gc,heap     ] GC(4) Humongous regions: 129->129
[2025-04-07T23:25:37.214+0300][gc,metaspace] GC(4) Metaspace: 35874K(36160K)->35874K(36160K) NonClass: 31564K(31680K)->31564K(31680K) Class: 4309K(4480K)->4309K(4480K)
[2025-04-07T23:25:37.214+0300][gc          ] GC(4) Pause Young (Concurrent Start) (Metadata GC Threshold) 157M->144M(1024M) 13,820ms
[2025-04-07T23:25:37.214+0300][gc,cpu      ] GC(4) User=0,05s Sys=0,00s Real=0,01s
[2025-04-07T23:25:37.214+0300][gc          ] GC(5) Concurrent Mark Cycle
[2025-04-07T23:25:37.214+0300][gc,marking  ] GC(5) Concurrent Clear Claimed Marks
[2025-04-07T23:25:37.215+0300][gc,marking  ] GC(5) Concurrent Clear Claimed Marks 0,024ms
[2025-04-07T23:25:37.215+0300][gc,marking  ] GC(5) Concurrent Scan Root Regions
[2025-04-07T23:25:37.224+0300][gc,marking  ] GC(5) Concurrent Scan Root Regions 8,854ms
[2025-04-07T23:25:37.224+0300][gc,marking  ] GC(5) Concurrent Mark
[2025-04-07T23:25:37.224+0300][gc,marking  ] GC(5) Concurrent Mark From Roots
[2025-04-07T23:25:37.224+0300][gc,task     ] GC(5) Using 1 workers of 1 for marking
[2025-04-07T23:25:37.245+0300][gc,marking  ] GC(5) Concurrent Mark From Roots 20,742ms
[2025-04-07T23:25:37.245+0300][gc,marking  ] GC(5) Concurrent Preclean
[2025-04-07T23:25:37.245+0300][gc,marking  ] GC(5) Concurrent Preclean 0,144ms
[2025-04-07T23:25:37.245+0300][gc,start    ] GC(5) Pause Remark
[2025-04-07T23:25:37.250+0300][gc          ] GC(5) Pause Remark 146M->146M(1024M) 4,782ms
[2025-04-07T23:25:37.250+0300][gc,cpu      ] GC(5) User=0,02s Sys=0,00s Real=0,01s
[2025-04-07T23:25:37.251+0300][gc,marking  ] GC(5) Concurrent Mark 27,021ms
[2025-04-07T23:25:37.251+0300][gc,marking  ] GC(5) Concurrent Rebuild Remembered Sets
[2025-04-07T23:25:37.275+0300][gc,marking  ] GC(5) Concurrent Rebuild Remembered Sets 23,700ms
[2025-04-07T23:25:37.278+0300][gc,start    ] GC(5) Pause Cleanup
[2025-04-07T23:25:37.278+0300][gc          ] GC(5) Pause Cleanup 148M->148M(1024M) 0,290ms
[2025-04-07T23:25:37.278+0300][gc,cpu      ] GC(5) User=0,00s Sys=0,00s Real=0,00s
[2025-04-07T23:25:37.278+0300][gc,marking  ] GC(5) Concurrent Cleanup for Next Mark
[2025-04-07T23:25:37.298+0300][gc,marking  ] GC(5) Concurrent Cleanup for Next Mark 20,100ms
[2025-04-07T23:25:37.298+0300][gc          ] GC(5) Concurrent Mark Cycle 84,047ms
[2025-04-07T23:43:52.569+0300][gc,start    ] GC(6) Pause Young (Concurrent Start) (G1 Evacuation Pause)
[2025-04-07T23:43:52.570+0300][gc,task     ] GC(6) Using 4 workers of 4 for evacuation
[2025-04-07T23:43:52.578+0300][gc,phases   ] GC(6)   Pre Evacuate Collection Set: 0,4ms
[2025-04-07T23:43:52.578+0300][gc,phases   ] GC(6)   Merge Heap Roots: 0,2ms
[2025-04-07T23:43:52.578+0300][gc,phases   ] GC(6)   Evacuate Collection Set: 6,2ms
[2025-04-07T23:43:52.578+0300][gc,phases   ] GC(6)   Post Evacuate Collection Set: 1,4ms
[2025-04-07T23:43:52.578+0300][gc,phases   ] GC(6)   Other: 0,7ms
[2025-04-07T23:43:52.578+0300][gc,heap     ] GC(6) Eden regions: 49->0(48)
[2025-04-07T23:43:52.578+0300][gc,heap     ] GC(6) Survivor regions: 2->3(7)
[2025-04-07T23:43:52.578+0300][gc,heap     ] GC(6) Old regions: 14->14
[2025-04-07T23:43:52.578+0300][gc,heap     ] GC(6) Archive regions: 2->2
[2025-04-07T23:43:52.578+0300][gc,heap     ] GC(6) Humongous regions: 129->129
[2025-04-07T23:43:52.578+0300][gc,metaspace] GC(6) Metaspace: 41286K(41728K)->41286K(41728K) NonClass: 36248K(36480K)->36248K(36480K) Class: 5038K(5248K)->5038K(5248K)
[2025-04-07T23:43:52.579+0300][gc          ] GC(6) Pause Young (Concurrent Start) (G1 Evacuation Pause) 193M->146M(1024M) 9,264ms
[2025-04-07T23:43:52.579+0300][gc,cpu      ] GC(6) User=0,03s Sys=0,00s Real=0,01s
[2025-04-07T23:43:52.579+0300][gc          ] GC(7) Concurrent Mark Cycle
[2025-04-07T23:43:52.579+0300][gc,marking  ] GC(7) Concurrent Clear Claimed Marks
[2025-04-07T23:43:52.579+0300][gc,marking  ] GC(7) Concurrent Clear Claimed Marks 0,088ms
[2025-04-07T23:43:52.579+0300][gc,marking  ] GC(7) Concurrent Scan Root Regions
[2025-04-07T23:43:52.584+0300][gc,marking  ] GC(7) Concurrent Scan Root Regions 5,003ms
[2025-04-07T23:43:52.584+0300][gc,marking  ] GC(7) Concurrent Mark
[2025-04-07T23:43:52.584+0300][gc,marking  ] GC(7) Concurrent Mark From Roots
[2025-04-07T23:43:52.584+0300][gc,task     ] GC(7) Using 1 workers of 1 for marking
[2025-04-07T23:43:52.603+0300][gc,marking  ] GC(7) Concurrent Mark From Roots 18,642ms
[2025-04-07T23:43:52.603+0300][gc,marking  ] GC(7) Concurrent Preclean
[2025-04-07T23:43:52.603+0300][gc,marking  ] GC(7) Concurrent Preclean 0,366ms
[2025-04-07T23:43:52.603+0300][gc,start    ] GC(7) Pause Remark
[2025-04-07T23:43:52.611+0300][gc          ] GC(7) Pause Remark 146M->146M(1024M) 8,176ms
[2025-04-07T23:43:52.611+0300][gc,cpu      ] GC(7) User=0,02s Sys=0,00s Real=0,01s
[2025-04-07T23:43:52.612+0300][gc,marking  ] GC(7) Concurrent Mark 27,588ms
[2025-04-07T23:43:52.612+0300][gc,marking  ] GC(7) Concurrent Rebuild Remembered Sets
[2025-04-07T23:43:52.624+0300][gc,marking  ] GC(7) Concurrent Rebuild Remembered Sets 11,869ms
[2025-04-07T23:43:52.624+0300][gc,start    ] GC(7) Pause Cleanup
[2025-04-07T23:43:52.624+0300][gc          ] GC(7) Pause Cleanup 146M->146M(1024M) 0,173ms
[2025-04-07T23:43:52.624+0300][gc,cpu      ] GC(7) User=0,00s Sys=0,00s Real=0,00s
[2025-04-07T23:43:52.624+0300][gc,marking  ] GC(7) Concurrent Cleanup for Next Mark
[2025-04-07T23:43:52.626+0300][gc,marking  ] GC(7) Concurrent Cleanup for Next Mark 1,753ms
[2025-04-07T23:43:52.626+0300][gc          ] GC(7) Concurrent Mark Cycle 47,062ms
[2025-04-08T00:01:49.240+0300][gc,start    ] GC(8) Pause Young (Normal) (G1 Evacuation Pause)
[2025-04-08T00:01:49.240+0300][gc,task     ] GC(8) Using 4 workers of 4 for evacuation
[2025-04-08T00:01:49.247+0300][gc,phases   ] GC(8)   Pre Evacuate Collection Set: 0,2ms
[2025-04-08T00:01:49.247+0300][gc,phases   ] GC(8)   Merge Heap Roots: 0,1ms
[2025-04-08T00:01:49.247+0300][gc,phases   ] GC(8)   Evacuate Collection Set: 6,9ms
[2025-04-08T00:01:49.247+0300][gc,phases   ] GC(8)   Post Evacuate Collection Set: 0,6ms
[2025-04-08T00:01:49.247+0300][gc,phases   ] GC(8)   Other: 0,2ms
[2025-04-08T00:01:49.247+0300][gc,heap     ] GC(8) Eden regions: 48->0(46)
[2025-04-08T00:01:49.248+0300][gc,heap     ] GC(8) Survivor regions: 3->5(7)
[2025-04-08T00:01:49.248+0300][gc,heap     ] GC(8) Old regions: 14->14
[2025-04-08T00:01:49.248+0300][gc,heap     ] GC(8) Archive regions: 2->2
[2025-04-08T00:01:49.248+0300][gc,heap     ] GC(8) Humongous regions: 129->129
[2025-04-08T00:01:49.248+0300][gc,metaspace] GC(8) Metaspace: 42171K(42624K)->42171K(42624K) NonClass: 37009K(37248K)->37009K(37248K) Class: 5161K(5376K)->5161K(5376K)
[2025-04-08T00:01:49.248+0300][gc          ] GC(8) Pause Young (Normal) (G1 Evacuation Pause) 194M->148M(1024M) 8,046ms
[2025-04-08T00:01:49.248+0300][gc,cpu      ] GC(8) User=0,02s Sys=0,00s Real=0,01s
[2025-04-08T00:06:00.196+0300][gc,heap,exit] Heap
[2025-04-08T00:06:00.196+0300][gc,heap,exit]  garbage-first heap   total 1048576K, used 185793K [0x00000000c0000000, 0x0000000100000000)
[2025-04-08T00:06:00.196+0300][gc,heap,exit]   region size 1024K, 39 young (39936K), 5 survivors (5120K)
[2025-04-08T00:06:00.196+0300][gc,heap,exit]  Metaspace       used 45095K, committed 45632K, reserved 1114112K
[2025-04-08T00:06:00.196+0300][gc,heap,exit]   class space    used 5718K, committed 5952K, reserved 1048576K
