[2025-04-06T12:25:04.152+0300][gc] Using G1
[2025-04-06T12:25:04.158+0300][gc,init] Version: 17.0.14+7-Ubuntu-122.04.1 (release)
[2025-04-06T12:25:04.158+0300][gc,init] CPUs: 4 total, 4 available
[2025-04-06T12:25:04.158+0300][gc,init] Memory: 15675M
[2025-04-06T12:25:04.158+0300][gc,init] Large Page Support: Disabled
[2025-04-06T12:25:04.158+0300][gc,init] NUMA Support: Disabled
[2025-04-06T12:25:04.158+0300][gc,init] Compressed Oops: Enabled (32-bit)
[2025-04-06T12:25:04.159+0300][gc,init] Heap Region Size: 1M
[2025-04-06T12:25:04.159+0300][gc,init] Heap Min Capacity: 512M
[2025-04-06T12:25:04.159+0300][gc,init] Heap Initial Capacity: 512M
[2025-04-06T12:25:04.159+0300][gc,init] Heap Max Capacity: 512M
[2025-04-06T12:25:04.159+0300][gc,init] Pre-touch: Disabled
[2025-04-06T12:25:04.159+0300][gc,init] Parallel Workers: 4
[2025-04-06T12:25:04.159+0300][gc,init] Concurrent Workers: 1
[2025-04-06T12:25:04.159+0300][gc,init] Concurrent Refinement Workers: 4
[2025-04-06T12:25:04.159+0300][gc,init] Periodic GC: Disabled
[2025-04-06T12:25:04.166+0300][gc,metaspace] CDS archive(s) mapped at: [0x000071042b000000-0x000071042bbc9000-0x000071042bbc9000), size 12357632, SharedBaseAddress: 0x000071042b000000, ArchiveRelocationMode: 1.
[2025-04-06T12:25:04.166+0300][gc,metaspace] Compressed class space mapped at: 0x000071042c000000-0x000071046c000000, reserved size: 1073741824
[2025-04-06T12:25:04.166+0300][gc,metaspace] Narrow klass base: 0x000071042b000000, Narrow klass shift: 0, Narrow klass range: 0x100000000
[2025-04-06T12:25:08.533+0300][gc,start    ] GC(0) Pause Young (Normal) (G1 Evacuation Pause)
[2025-04-06T12:25:08.534+0300][gc,task     ] GC(0) Using 4 workers of 4 for evacuation
[2025-04-06T12:25:08.540+0300][gc,phases   ] GC(0)   Pre Evacuate Collection Set: 0,1ms
[2025-04-06T12:25:08.540+0300][gc,phases   ] GC(0)   Merge Heap Roots: 0,0ms
[2025-04-06T12:25:08.540+0300][gc,phases   ] GC(0)   Evacuate Collection Set: 5,1ms
[2025-04-06T12:25:08.540+0300][gc,phases   ] GC(0)   Post Evacuate Collection Set: 0,6ms
[2025-04-06T12:25:08.540+0300][gc,phases   ] GC(0)   Other: 0,7ms
[2025-04-06T12:25:08.540+0300][gc,heap     ] GC(0) Eden regions: 25->0(21)
[2025-04-06T12:25:08.540+0300][gc,heap     ] GC(0) Survivor regions: 0->4(4)
[2025-04-06T12:25:08.540+0300][gc,heap     ] GC(0) Old regions: 0->4
[2025-04-06T12:25:08.540+0300][gc,heap     ] GC(0) Archive regions: 2->2
[2025-04-06T12:25:08.540+0300][gc,heap     ] GC(0) Humongous regions: 0->0
[2025-04-06T12:25:08.540+0300][gc,metaspace] GC(0) Metaspace: 7986K(8128K)->7986K(8128K) NonClass: 7092K(7168K)->7092K(7168K) Class: 894K(960K)->894K(960K)
[2025-04-06T12:25:08.540+0300][gc          ] GC(0) Pause Young (Normal) (G1 Evacuation Pause) 25M->8M(512M) 6,694ms
[2025-04-06T12:25:08.540+0300][gc,cpu      ] GC(0) User=0,01s Sys=0,00s Real=0,00s
[2025-04-06T12:25:18.993+0300][gc,heap,exit] Heap
[2025-04-06T12:25:18.993+0300][gc,heap,exit]  garbage-first heap   total 524288K, used 13117K [0x00000000e0000000, 0x0000000100000000)
[2025-04-06T12:25:18.993+0300][gc,heap,exit]   region size 1024K, 8 young (8192K), 4 survivors (4096K)
[2025-04-06T12:25:18.993+0300][gc,heap,exit]  Metaspace       used 8368K, committed 8576K, reserved 1114112K
[2025-04-06T12:25:18.993+0300][gc,heap,exit]   class space    used 930K, committed 1024K, reserved 1048576K
