[2025-04-06T12:41:49.842+0300][gc] Using G1
[2025-04-06T12:41:49.848+0300][gc,init] Version: 17.0.14+7-Ubuntu-122.04.1 (release)
[2025-04-06T12:41:49.848+0300][gc,init] CPUs: 4 total, 4 available
[2025-04-06T12:41:49.848+0300][gc,init] Memory: 15675M
[2025-04-06T12:41:49.848+0300][gc,init] Large Page Support: Disabled
[2025-04-06T12:41:49.848+0300][gc,init] NUMA Support: Disabled
[2025-04-06T12:41:49.848+0300][gc,init] Compressed Oops: Enabled (32-bit)
[2025-04-06T12:41:49.848+0300][gc,init] Heap Region Size: 1M
[2025-04-06T12:41:49.848+0300][gc,init] Heap Min Capacity: 512M
[2025-04-06T12:41:49.848+0300][gc,init] Heap Initial Capacity: 512M
[2025-04-06T12:41:49.848+0300][gc,init] Heap Max Capacity: 512M
[2025-04-06T12:41:49.848+0300][gc,init] Pre-touch: Disabled
[2025-04-06T12:41:49.848+0300][gc,init] Parallel Workers: 4
[2025-04-06T12:41:49.848+0300][gc,init] Concurrent Workers: 1
[2025-04-06T12:41:49.848+0300][gc,init] Concurrent Refinement Workers: 4
[2025-04-06T12:41:49.848+0300][gc,init] Periodic GC: Disabled
[2025-04-06T12:41:49.856+0300][gc,metaspace] CDS archive(s) mapped at: [0x00007a3a4f000000-0x00007a3a4fbc9000-0x00007a3a4fbc9000), size 12357632, SharedBaseAddress: 0x00007a3a4f000000, ArchiveRelocationMode: 1.
[2025-04-06T12:41:49.856+0300][gc,metaspace] Compressed class space mapped at: 0x00007a3a50000000-0x00007a3a90000000, reserved size: 1073741824
[2025-04-06T12:41:49.856+0300][gc,metaspace] Narrow klass base: 0x00007a3a4f000000, Narrow klass shift: 0, Narrow klass range: 0x100000000
[2025-04-06T12:41:51.431+0300][gc,start    ] GC(0) Pause Young (Normal) (G1 Evacuation Pause)
[2025-04-06T12:41:51.431+0300][gc,task     ] GC(0) Using 4 workers of 4 for evacuation
[2025-04-06T12:41:51.436+0300][gc,phases   ] GC(0)   Pre Evacuate Collection Set: 0,1ms
[2025-04-06T12:41:51.436+0300][gc,phases   ] GC(0)   Merge Heap Roots: 0,0ms
[2025-04-06T12:41:51.436+0300][gc,phases   ] GC(0)   Evacuate Collection Set: 4,9ms
[2025-04-06T12:41:51.436+0300][gc,phases   ] GC(0)   Post Evacuate Collection Set: 0,4ms
[2025-04-06T12:41:51.436+0300][gc,phases   ] GC(0)   Other: 0,3ms
[2025-04-06T12:41:51.437+0300][gc,heap     ] GC(0) Eden regions: 25->0(21)
[2025-04-06T12:41:51.437+0300][gc,heap     ] GC(0) Survivor regions: 0->4(4)
[2025-04-06T12:41:51.437+0300][gc,heap     ] GC(0) Old regions: 0->5
[2025-04-06T12:41:51.437+0300][gc,heap     ] GC(0) Archive regions: 2->2
[2025-04-06T12:41:51.437+0300][gc,heap     ] GC(0) Humongous regions: 0->0
[2025-04-06T12:41:51.437+0300][gc,metaspace] GC(0) Metaspace: 8072K(8192K)->8072K(8192K) NonClass: 7171K(7232K)->7171K(7232K) Class: 900K(960K)->900K(960K)
[2025-04-06T12:41:51.437+0300][gc          ] GC(0) Pause Young (Normal) (G1 Evacuation Pause) 25M->9M(512M) 5,866ms
[2025-04-06T12:41:51.437+0300][gc,cpu      ] GC(0) User=0,02s Sys=0,01s Real=0,00s
