[2025-04-06T12:26:47.152+0300][gc] Using G1
[2025-04-06T12:26:47.160+0300][gc,init] Version: 17.0.14+7-Ubuntu-122.04.1 (release)
[2025-04-06T12:26:47.161+0300][gc,init] CPUs: 4 total, 4 available
[2025-04-06T12:26:47.161+0300][gc,init] Memory: 15675M
[2025-04-06T12:26:47.161+0300][gc,init] Large Page Support: Disabled
[2025-04-06T12:26:47.161+0300][gc,init] NUMA Support: Disabled
[2025-04-06T12:26:47.161+0300][gc,init] Compressed Oops: Enabled (32-bit)
[2025-04-06T12:26:47.161+0300][gc,init] Heap Region Size: 1M
[2025-04-06T12:26:47.161+0300][gc,init] Heap Min Capacity: 512M
[2025-04-06T12:26:47.161+0300][gc,init] Heap Initial Capacity: 512M
[2025-04-06T12:26:47.161+0300][gc,init] Heap Max Capacity: 512M
[2025-04-06T12:26:47.161+0300][gc,init] Pre-touch: Disabled
[2025-04-06T12:26:47.161+0300][gc,init] Parallel Workers: 4
[2025-04-06T12:26:47.161+0300][gc,init] Concurrent Workers: 1
[2025-04-06T12:26:47.161+0300][gc,init] Concurrent Refinement Workers: 4
[2025-04-06T12:26:47.161+0300][gc,init] Periodic GC: Disabled
[2025-04-06T12:26:47.168+0300][gc,metaspace] CDS archive(s) mapped at: [0x0000720a73000000-0x0000720a73bc9000-0x0000720a73bc9000), size 12357632, SharedBaseAddress: 0x0000720a73000000, ArchiveRelocationMode: 1.
[2025-04-06T12:26:47.168+0300][gc,metaspace] Compressed class space mapped at: 0x0000720a74000000-0x0000720ab4000000, reserved size: 1073741824
[2025-04-06T12:26:47.168+0300][gc,metaspace] Narrow klass base: 0x0000720a73000000, Narrow klass shift: 0, Narrow klass range: 0x100000000
[2025-04-06T12:26:59.532+0300][gc,start    ] GC(0) Pause Young (Normal) (G1 Evacuation Pause)
[2025-04-06T12:26:59.532+0300][gc,task     ] GC(0) Using 4 workers of 4 for evacuation
[2025-04-06T12:26:59.543+0300][gc,phases   ] GC(0)   Pre Evacuate Collection Set: 0,1ms
[2025-04-06T12:26:59.543+0300][gc,phases   ] GC(0)   Merge Heap Roots: 0,1ms
[2025-04-06T12:26:59.543+0300][gc,phases   ] GC(0)   Evacuate Collection Set: 9,8ms
[2025-04-06T12:26:59.543+0300][gc,phases   ] GC(0)   Post Evacuate Collection Set: 0,7ms
[2025-04-06T12:26:59.543+0300][gc,phases   ] GC(0)   Other: 0,5ms
[2025-04-06T12:26:59.543+0300][gc,heap     ] GC(0) Eden regions: 25->0(21)
[2025-04-06T12:26:59.543+0300][gc,heap     ] GC(0) Survivor regions: 0->4(4)
[2025-04-06T12:26:59.543+0300][gc,heap     ] GC(0) Old regions: 0->5
[2025-04-06T12:26:59.543+0300][gc,heap     ] GC(0) Archive regions: 2->2
[2025-04-06T12:26:59.543+0300][gc,heap     ] GC(0) Humongous regions: 0->0
[2025-04-06T12:26:59.543+0300][gc,metaspace] GC(0) Metaspace: 7938K(8128K)->7938K(8128K) NonClass: 7047K(7168K)->7047K(7168K) Class: 891K(960K)->891K(960K)
[2025-04-06T12:26:59.543+0300][gc          ] GC(0) Pause Young (Normal) (G1 Evacuation Pause) 25M->9M(512M) 11,330ms
[2025-04-06T12:26:59.543+0300][gc,cpu      ] GC(0) User=0,02s Sys=0,01s Real=0,01s
[2025-04-06T12:27:12.987+0300][gc,heap,exit] Heap
[2025-04-06T12:27:12.988+0300][gc,heap,exit]  garbage-first heap   total 524288K, used 13888K [0x00000000e0000000, 0x0000000100000000)
[2025-04-06T12:27:12.988+0300][gc,heap,exit]   region size 1024K, 9 young (9216K), 4 survivors (4096K)
[2025-04-06T12:27:12.988+0300][gc,heap,exit]  Metaspace       used 8423K, committed 8640K, reserved 1114112K
[2025-04-06T12:27:12.988+0300][gc,heap,exit]   class space    used 935K, committed 1024K, reserved 1048576K
