[2025-04-06T12:40:44.719+0300][gc] Using G1
[2025-04-06T12:40:44.725+0300][gc,init] Version: 17.0.14+7-Ubuntu-122.04.1 (release)
[2025-04-06T12:40:44.725+0300][gc,init] CPUs: 4 total, 4 available
[2025-04-06T12:40:44.725+0300][gc,init] Memory: 15675M
[2025-04-06T12:40:44.725+0300][gc,init] Large Page Support: Disabled
[2025-04-06T12:40:44.725+0300][gc,init] NUMA Support: Disabled
[2025-04-06T12:40:44.725+0300][gc,init] Compressed Oops: Enabled (32-bit)
[2025-04-06T12:40:44.725+0300][gc,init] Heap Region Size: 1M
[2025-04-06T12:40:44.725+0300][gc,init] Heap Min Capacity: 512M
[2025-04-06T12:40:44.725+0300][gc,init] Heap Initial Capacity: 512M
[2025-04-06T12:40:44.725+0300][gc,init] Heap Max Capacity: 512M
[2025-04-06T12:40:44.725+0300][gc,init] Pre-touch: Disabled
[2025-04-06T12:40:44.725+0300][gc,init] Parallel Workers: 4
[2025-04-06T12:40:44.725+0300][gc,init] Concurrent Workers: 1
[2025-04-06T12:40:44.725+0300][gc,init] Concurrent Refinement Workers: 4
[2025-04-06T12:40:44.725+0300][gc,init] Periodic GC: Disabled
[2025-04-06T12:40:44.733+0300][gc,metaspace] CDS archive(s) mapped at: [0x00007ac6e7000000-0x00007ac6e7bc9000-0x00007ac6e7bc9000), size 12357632, SharedBaseAddress: 0x00007ac6e7000000, ArchiveRelocationMode: 1.
[2025-04-06T12:40:44.733+0300][gc,metaspace] Compressed class space mapped at: 0x00007ac6e8000000-0x00007ac728000000, reserved size: 1073741824
[2025-04-06T12:40:44.733+0300][gc,metaspace] Narrow klass base: 0x00007ac6e7000000, Narrow klass shift: 0, Narrow klass range: 0x100000000
[2025-04-06T12:40:45.778+0300][gc,heap,exit] Heap
[2025-04-06T12:40:45.778+0300][gc,heap,exit]  garbage-first heap   total 524288K, used 20912K [0x00000000e0000000, 0x0000000100000000)
[2025-04-06T12:40:45.778+0300][gc,heap,exit]   region size 1024K, 20 young (20480K), 0 survivors (0K)
[2025-04-06T12:40:45.778+0300][gc,heap,exit]  Metaspace       used 6939K, committed 7168K, reserved 1114112K
[2025-04-06T12:40:45.778+0300][gc,heap,exit]   class space    used 776K, committed 896K, reserved 1048576K
