[2025-04-07T23:25:00.041+0300][gc] Using G1
[2025-04-07T23:25:00.047+0300][gc,init] Version: 17.0.14+7-Ubuntu-122.04.1 (release)
[2025-04-07T23:25:00.047+0300][gc,init] CPUs: 4 total, 4 available
[2025-04-07T23:25:00.047+0300][gc,init] Memory: 15675M
[2025-04-07T23:25:00.047+0300][gc,init] Large Page Support: Disabled
[2025-04-07T23:25:00.047+0300][gc,init] NUMA Support: Disabled
[2025-04-07T23:25:00.047+0300][gc,init] Compressed Oops: Enabled (32-bit)
[2025-04-07T23:25:00.047+0300][gc,init] Heap Region Size: 1M
[2025-04-07T23:25:00.047+0300][gc,init] Heap Min Capacity: 512M
[2025-04-07T23:25:00.047+0300][gc,init] Heap Initial Capacity: 512M
[2025-04-07T23:25:00.047+0300][gc,init] Heap Max Capacity: 512M
[2025-04-07T23:25:00.047+0300][gc,init] Pre-touch: Disabled
[2025-04-07T23:25:00.047+0300][gc,init] Parallel Workers: 4
[2025-04-07T23:25:00.047+0300][gc,init] Concurrent Workers: 1
[2025-04-07T23:25:00.047+0300][gc,init] Concurrent Refinement Workers: 4
[2025-04-07T23:25:00.047+0300][gc,init] Periodic GC: Disabled
[2025-04-07T23:25:00.054+0300][gc,metaspace] CDS archive(s) mapped at: [0x000076ea87000000-0x000076ea87bc9000-0x000076ea87bc9000), size 12357632, SharedBaseAddress: 0x000076ea87000000, ArchiveRelocationMode: 1.
[2025-04-07T23:25:00.054+0300][gc,metaspace] Compressed class space mapped at: 0x000076ea88000000-0x000076eac8000000, reserved size: 1073741824
[2025-04-07T23:25:00.054+0300][gc,metaspace] Narrow klass base: 0x000076ea87000000, Narrow klass shift: 0, Narrow klass range: 0x100000000
[2025-04-07T23:25:01.708+0300][gc,start    ] GC(0) Pause Young (Normal) (G1 Evacuation Pause)
[2025-04-07T23:25:01.708+0300][gc,task     ] GC(0) Using 4 workers of 4 for evacuation
[2025-04-07T23:25:01.715+0300][gc,phases   ] GC(0)   Pre Evacuate Collection Set: 0,1ms
[2025-04-07T23:25:01.715+0300][gc,phases   ] GC(0)   Merge Heap Roots: 0,1ms
[2025-04-07T23:25:01.715+0300][gc,phases   ] GC(0)   Evacuate Collection Set: 5,9ms
[2025-04-07T23:25:01.715+0300][gc,phases   ] GC(0)   Post Evacuate Collection Set: 0,6ms
[2025-04-07T23:25:01.715+0300][gc,phases   ] GC(0)   Other: 0,5ms
[2025-04-07T23:25:01.715+0300][gc,heap     ] GC(0) Eden regions: 25->0(21)
[2025-04-07T23:25:01.715+0300][gc,heap     ] GC(0) Survivor regions: 0->4(4)
[2025-04-07T23:25:01.715+0300][gc,heap     ] GC(0) Old regions: 0->5
[2025-04-07T23:25:01.715+0300][gc,heap     ] GC(0) Archive regions: 2->2
[2025-04-07T23:25:01.715+0300][gc,heap     ] GC(0) Humongous regions: 0->0
[2025-04-07T23:25:01.715+0300][gc,metaspace] GC(0) Metaspace: 8053K(8192K)->8053K(8192K) NonClass: 7154K(7232K)->7154K(7232K) Class: 898K(960K)->898K(960K)
[2025-04-07T23:25:01.715+0300][gc          ] GC(0) Pause Young (Normal) (G1 Evacuation Pause) 25M->9M(512M) 7,197ms
[2025-04-07T23:25:01.715+0300][gc,cpu      ] GC(0) User=0,01s Sys=0,01s Real=0,01s
[2025-04-07T23:25:20.767+0300][gc,heap,exit] Heap
[2025-04-07T23:25:20.767+0300][gc,heap,exit]  garbage-first heap   total 524288K, used 13078K [0x00000000e0000000, 0x0000000100000000)
[2025-04-07T23:25:20.767+0300][gc,heap,exit]   region size 1024K, 8 young (8192K), 4 survivors (4096K)
[2025-04-07T23:25:20.767+0300][gc,heap,exit]  Metaspace       used 8335K, committed 8512K, reserved 1114112K
[2025-04-07T23:25:20.767+0300][gc,heap,exit]   class space    used 931K, committed 1024K, reserved 1048576K
